#
# There is insufficient memory for the Java Runtime Environment to continue.
# Native memory allocation (mmap) failed to map 46137344 bytes for G1 virtual space
# Possible reasons:
#   The system is out of physical RAM or swap space
#   The process is running with CompressedOops enabled, and the Java Heap may be blocking the growth of the native heap
# Possible solutions:
#   Reduce memory load on the system
#   Increase physical memory or swap space
#   Check if swap backing store is full
#   Decrease Java heap size (-Xmx/-Xms)
#   Decrease number of Java threads
#   Decrease Java thread stack sizes (-Xss)
#   Set larger code cache with -XX:ReservedCodeCacheSize=
#   JVM is running with Unscaled Compressed Oops mode in which the Java heap is
#     placed in the first 4GB address space. The Java Heap base address is the
#     maximum limit for the native heap growth. Please use -XX:HeapBaseMinAddress
#     to set the Java Heap base and to place the Java Heap above 4GB virtual address.
# This output file may be truncated or incomplete.
#
#  Out of Memory Error (os_windows.cpp:3548), pid=15472, tid=1168
#
# JRE version: Java(TM) SE Runtime Environment (17.0.10+11) (build 17.0.10+11-LTS-240)
# Java VM: Java HotSpot(TM) 64-Bit Server VM (17.0.10+11-LTS-240, mixed mode, sharing, tiered, compressed oops, compressed class ptrs, g1 gc, windows-amd64)
# No core dump will be written. Minidumps are not enabled by default on client versions of Windows
#

---------------  S U M M A R Y ------------

Command Line: -XX:MaxMetaspaceSize=512m --add-opens=java.base/java.util=ALL-UNNAMED --add-opens=java.base/java.lang=ALL-UNNAMED --add-opens=java.base/java.lang.invoke=ALL-UNNAMED --add-opens=java.prefs/java.util.prefs=ALL-UNNAMED --add-opens=java.base/java.nio.charset=ALL-UNNAMED --add-opens=java.base/java.net=ALL-UNNAMED --add-opens=java.base/java.util.concurrent.atomic=ALL-UNNAMED -Xmx2048m -Dfile.encoding=windows-1252 -Duser.country=US -Duser.language=en -Duser.variant org.gradle.launcher.daemon.bootstrap.GradleDaemon 8.0.1

Host: Intel(R) Core(TM) i5-4200M CPU @ 2.50GHz, 4 cores, 7G,  Windows 10 , 64 bit Build 19041 (10.0.19041.3636)
Time: Sat Jan 27 00:13:13 2024 Pakistan Standard Time elapsed time: 667.063493 seconds (0d 0h 11m 7s)

---------------  T H R E A D  ---------------

Current thread (0x0000024e57df54f0):  VMThread "VM Thread" [stack: 0x00000058f4300000,0x00000058f4400000] [id=1168]

Stack: [0x00000058f4300000,0x00000058f4400000]
Native frames: (J=compiled Java code, j=interpreted, Vv=VM code, C=native code)
V  [jvm.dll+0x677a5a]
V  [jvm.dll+0x7d8b2d]
V  [jvm.dll+0x7da48e]
V  [jvm.dll+0x7daaf3]
V  [jvm.dll+0x2455ff]
V  [jvm.dll+0x6749b9]
V  [jvm.dll+0x669382]
V  [jvm.dll+0x302e96]
V  [jvm.dll+0x30a416]
V  [jvm.dll+0x359cbe]
V  [jvm.dll+0x359eef]
V  [jvm.dll+0x2d9e88]
V  [jvm.dll+0x2dcf26]
V  [jvm.dll+0x2e7728]
V  [jvm.dll+0x31b3a0]
V  [jvm.dll+0x7df30b]
V  [jvm.dll+0x7e0044]
V  [jvm.dll+0x7e055d]
V  [jvm.dll+0x7e0934]
V  [jvm.dll+0x7e0a00]
V  [jvm.dll+0x78888a]
V  [jvm.dll+0x676935]
C  [ucrtbase.dll+0x21bb2]
C  [KERNEL32.DLL+0x17344]
C  [ntdll.dll+0x526b1]

VM_Operation (0x00000058f3fff3c0): G1Concurrent, mode: safepoint, requested by thread 0x0000024e385b7370


---------------  P R O C E S S  ---------------

Threads class SMR info:
_java_thread_list=0x0000024e7e168970, length=88, elements={
0x0000024e3854bc00, 0x0000024e57dfb070, 0x0000024e57dfbe00, 0x0000024e57e0f810,
0x0000024e57e102e0, 0x0000024e57e12bc0, 0x0000024e57e144a0, 0x0000024e57e15150,
0x0000024e57e15b10, 0x0000024e57e89f00, 0x0000024e77050860, 0x0000024e77052d50,
0x0000024e7709f740, 0x0000024e78020f60, 0x0000024e78121e30, 0x0000024e78209f00,
0x0000024e77aad7e0, 0x0000024e77cac160, 0x0000024e77e6e440, 0x0000024e77e6e950,
0x0000024e77e6f370, 0x0000024e77e6f880, 0x0000024e77e6fd90, 0x0000024e77e707b0,
0x0000024e77e711d0, 0x0000024e79007ce0, 0x0000024e79006db0, 0x0000024e79003600,
0x0000024e79000d80, 0x0000024e790030f0, 0x0000024e79003b10, 0x0000024e79005e80,
0x0000024e79004020, 0x0000024e79006390, 0x0000024e79001cb0, 0x0000024e790077d0,
0x0000024e79004530, 0x0000024e79004f50, 0x0000024e79005970, 0x0000024e790021c0,
0x0000024e790072c0, 0x0000024e790026d0, 0x0000024e79001290, 0x0000024e79002be0,
0x0000024e78e3dbc0, 0x0000024e78e3ae30, 0x0000024e78e3fa20, 0x0000024e78e3b340,
0x0000024e78e3f000, 0x0000024e78e41370, 0x0000024e78e3c270, 0x0000024e78e3f510,
0x0000024e78e3ff30, 0x0000024e78e3d6b0, 0x0000024e78e3eaf0, 0x0000024e78e3c780,
0x0000024e78e41880, 0x0000024e78e40e60, 0x0000024e78e3e0d0, 0x0000024e78e3e5e0,
0x0000024e78e40440, 0x0000024e78e40950, 0x0000024e78e422a0, 0x0000024e78e41d90,
0x0000024e78e427b0, 0x0000024e78e3b850, 0x0000024e78e3bd60, 0x0000024e78e3cc90,
0x0000024e793b9030, 0x0000024e793b9540, 0x0000024e793ba980, 0x0000024e7a402730,
0x0000024e7a404590, 0x0000024e7a404aa0, 0x0000024e7a400de0, 0x0000024e7a3ff9a0,
0x0000024e7a401800, 0x0000024e7a4054c0, 0x0000024e7a4063f0, 0x0000024e7a3fef80,
0x0000024e7a404080, 0x0000024e7a3ffeb0, 0x0000024e7a4003c0, 0x0000024e7a404fb0,
0x0000024e7a401d10, 0x0000024e7a402220, 0x0000024e793ba470, 0x0000024e793bbdc0
}

Java Threads: ( => current thread )
  0x0000024e3854bc00 JavaThread "main" [_thread_blocked, id=3232, stack(0x00000058f3c00000,0x00000058f3d00000)]
  0x0000024e57dfb070 JavaThread "Reference Handler" daemon [_thread_blocked, id=1288, stack(0x00000058f4400000,0x00000058f4500000)]
  0x0000024e57dfbe00 JavaThread "Finalizer" daemon [_thread_blocked, id=8212, stack(0x00000058f4500000,0x00000058f4600000)]
  0x0000024e57e0f810 JavaThread "Signal Dispatcher" daemon [_thread_blocked, id=12688, stack(0x00000058f4600000,0x00000058f4700000)]
  0x0000024e57e102e0 JavaThread "Attach Listener" daemon [_thread_blocked, id=15896, stack(0x00000058f4700000,0x00000058f4800000)]
  0x0000024e57e12bc0 JavaThread "Service Thread" daemon [_thread_blocked, id=15892, stack(0x00000058f4800000,0x00000058f4900000)]
  0x0000024e57e144a0 JavaThread "Monitor Deflation Thread" daemon [_thread_blocked, id=15888, stack(0x00000058f4900000,0x00000058f4a00000)]
  0x0000024e57e15150 JavaThread "C2 CompilerThread0" daemon [_thread_blocked, id=15884, stack(0x00000058f4a00000,0x00000058f4b00000)]
  0x0000024e57e15b10 JavaThread "C1 CompilerThread0" daemon [_thread_blocked, id=15848, stack(0x00000058f4b00000,0x00000058f4c00000)]
  0x0000024e57e89f00 JavaThread "Sweeper thread" daemon [_thread_blocked, id=15772, stack(0x00000058f4c00000,0x00000058f4d00000)]
  0x0000024e77050860 JavaThread "Common-Cleaner" daemon [_thread_blocked, id=12768, stack(0x00000058f4d00000,0x00000058f4e00000)]
  0x0000024e77052d50 JavaThread "Notification Thread" daemon [_thread_blocked, id=16004, stack(0x00000058f4e00000,0x00000058f4f00000)]
  0x0000024e7709f740 JavaThread "Daemon health stats" [_thread_blocked, id=10928, stack(0x00000058f5300000,0x00000058f5400000)]
  0x0000024e78020f60 JavaThread "Incoming local TCP Connector on port 51766" [_thread_in_native, id=6632, stack(0x00000058f5400000,0x00000058f5500000)]
  0x0000024e78121e30 JavaThread "Daemon periodic checks" [_thread_blocked, id=12520, stack(0x00000058f5500000,0x00000058f5600000)]
  0x0000024e78209f00 JavaThread "Daemon" [_thread_blocked, id=9248, stack(0x00000058f5600000,0x00000058f5700000)]
  0x0000024e77aad7e0 JavaThread "Handler for socket connection from /127.0.0.1:51766 to /127.0.0.1:51769" [_thread_in_native, id=16108, stack(0x00000058f5700000,0x00000058f5800000)]
  0x0000024e77cac160 JavaThread "Cancel handler" [_thread_blocked, id=12904, stack(0x00000058f5800000,0x00000058f5900000)]
  0x0000024e77e6e440 JavaThread "Daemon worker" [_thread_blocked, id=3496, stack(0x00000058f5900000,0x00000058f5a00000)]
  0x0000024e77e6e950 JavaThread "Asynchronous log dispatcher for DefaultDaemonConnection: socket connection from /127.0.0.1:51766 to /127.0.0.1:51769" [_thread_blocked, id=4952, stack(0x00000058f5a00000,0x00000058f5b00000)]
  0x0000024e77e6f370 JavaThread "Daemon client event forwarder" [_thread_blocked, id=10280, stack(0x00000058f5c00000,0x00000058f5d00000)]
  0x0000024e77e6f880 JavaThread "Cache worker for journal cache (C:\Users\Laiba\.gradle\caches\journal-1)" [_thread_blocked, id=12604, stack(0x00000058f5d00000,0x00000058f5e00000)]
  0x0000024e77e6fd90 JavaThread "File lock request listener" [_thread_blocked, id=12452, stack(0x00000058f5e00000,0x00000058f5f00000)]
  0x0000024e77e707b0 JavaThread "Cache worker for file hash cache (C:\Users\Laiba\.gradle\caches\8.0.1\fileHashes)" [_thread_blocked, id=15412, stack(0x00000058f6000000,0x00000058f6100000)]
  0x0000024e77e711d0 JavaThread "File watcher server" daemon [_thread_blocked, id=16648, stack(0x00000058f6100000,0x00000058f6200000)]
  0x0000024e79007ce0 JavaThread "File watcher consumer" daemon [_thread_blocked, id=16652, stack(0x00000058f6200000,0x00000058f6300000)]
  0x0000024e79006db0 JavaThread "Cache worker for checksums cache (F:\document\reactNative\SupportBridge3\android\.gradle\8.0.1\checksums)" [_thread_blocked, id=16788, stack(0x00000058f6300000,0x00000058f6400000)]
  0x0000024e79003600 JavaThread "Cache worker for cache directory md-rule (C:\Users\Laiba\.gradle\caches\8.0.1\md-rule)" [_thread_blocked, id=16848, stack(0x00000058f6400000,0x00000058f6500000)]
  0x0000024e79000d80 JavaThread "Cache worker for file content cache (C:\Users\Laiba\.gradle\caches\8.0.1\fileContent)" [_thread_blocked, id=16868, stack(0x00000058f6500000,0x00000058f6600000)]
  0x0000024e790030f0 JavaThread "Cache worker for file hash cache (F:\document\reactNative\SupportBridge3\android\.gradle\8.0.1\fileHashes)" [_thread_blocked, id=16968, stack(0x00000058f6600000,0x00000058f6700000)]
  0x0000024e79003b10 JavaThread "Cache worker for cache directory md-supplier (C:\Users\Laiba\.gradle\caches\8.0.1\md-supplier)" [_thread_blocked, id=17056, stack(0x00000058f6a00000,0x00000058f6b00000)]
  0x0000024e79005e80 JavaThread "Cache worker for execution history cache (C:\Users\Laiba\.gradle\caches\8.0.1\executionHistory)" [_thread_blocked, id=17128, stack(0x00000058f6b00000,0x00000058f6c00000)]
  0x0000024e79004020 JavaThread "jar transforms" [_thread_blocked, id=16544, stack(0x00000058f6c00000,0x00000058f6d00000)]
  0x0000024e79006390 JavaThread "jar transforms Thread 2" [_thread_blocked, id=7772, stack(0x00000058f6d00000,0x00000058f6e00000)]
  0x0000024e79001cb0 JavaThread "jar transforms Thread 3" [_thread_blocked, id=17596, stack(0x00000058f6e00000,0x00000058f6f00000)]
  0x0000024e790077d0 JavaThread "jar transforms Thread 4" [_thread_blocked, id=17684, stack(0x00000058f6f00000,0x00000058f7000000)]
  0x0000024e79004530 JavaThread "Cache worker for kotlin-dsl (C:\Users\Laiba\.gradle\caches\8.0.1\kotlin-dsl)" [_thread_blocked, id=7408, stack(0x00000058f3b00000,0x00000058f3c00000)]
  0x0000024e79004f50 JavaThread "Unconstrained build operations" [_thread_blocked, id=17612, stack(0x00000058f3d00000,0x00000058f3e00000)]
  0x0000024e79005970 JavaThread "Unconstrained build operations Thread 2" [_thread_blocked, id=17812, stack(0x00000058f6700000,0x00000058f6800000)]
  0x0000024e790021c0 JavaThread "Cache worker for dependencies-accessors (F:\document\reactNative\SupportBridge3\android\.gradle\8.0.1\dependencies-accessors)" [_thread_blocked, id=16688, stack(0x00000058f7000000,0x00000058f7100000)]
  0x0000024e790072c0 JavaThread "Cache worker for Build Output Cleanup Cache (F:\document\reactNative\SupportBridge3\node_modules\@react-native\gradle-plugin\.gradle\buildOutputCleanup)" [_thread_blocked, id=6992, stack(0x00000058f7200000,0x00000058f7300000)]
  0x0000024e790026d0 JavaThread "Unconstrained build operations Thread 3" [_thread_blocked, id=11080, stack(0x00000058f7100000,0x00000058f7200000)]
  0x0000024e79001290 JavaThread "Unconstrained build operations Thread 4" [_thread_blocked, id=7792, stack(0x00000058f7300000,0x00000058f7400000)]
  0x0000024e79002be0 JavaThread "Unconstrained build operations Thread 5" [_thread_blocked, id=4624, stack(0x00000058f7400000,0x00000058f7500000)]
  0x0000024e78e3dbc0 JavaThread "Unconstrained build operations Thread 6" [_thread_blocked, id=10044, stack(0x00000058f7500000,0x00000058f7600000)]
  0x0000024e78e3ae30 JavaThread "Unconstrained build operations Thread 7" [_thread_blocked, id=6960, stack(0x00000058f7600000,0x00000058f7700000)]
  0x0000024e78e3fa20 JavaThread "Unconstrained build operations Thread 8" [_thread_blocked, id=11344, stack(0x00000058f7700000,0x00000058f7800000)]
  0x0000024e78e3b340 JavaThread "Unconstrained build operations Thread 9" [_thread_blocked, id=18056, stack(0x00000058f7800000,0x00000058f7900000)]
  0x0000024e78e3f000 JavaThread "Unconstrained build operations Thread 10" [_thread_blocked, id=12908, stack(0x00000058f7900000,0x00000058f7a00000)]
  0x0000024e78e41370 JavaThread "Unconstrained build operations Thread 11" [_thread_blocked, id=17376, stack(0x00000058f7a00000,0x00000058f7b00000)]
  0x0000024e78e3c270 JavaThread "Unconstrained build operations Thread 12" [_thread_blocked, id=4648, stack(0x00000058f7b00000,0x00000058f7c00000)]
  0x0000024e78e3f510 JavaThread "Unconstrained build operations Thread 13" [_thread_blocked, id=17384, stack(0x00000058f7c00000,0x00000058f7d00000)]
  0x0000024e78e3ff30 JavaThread "Unconstrained build operations Thread 14" [_thread_blocked, id=6412, stack(0x00000058f7d00000,0x00000058f7e00000)]
  0x0000024e78e3d6b0 JavaThread "Unconstrained build operations Thread 15" [_thread_blocked, id=3044, stack(0x00000058f7e00000,0x00000058f7f00000)]
  0x0000024e78e3eaf0 JavaThread "Unconstrained build operations Thread 16" [_thread_blocked, id=18048, stack(0x00000058f7f00000,0x00000058f8000000)]
  0x0000024e78e3c780 JavaThread "Unconstrained build operations Thread 17" [_thread_blocked, id=17712, stack(0x00000058f8000000,0x00000058f8100000)]
  0x0000024e78e41880 JavaThread "Unconstrained build operations Thread 18" [_thread_blocked, id=15788, stack(0x00000058f8100000,0x00000058f8200000)]
  0x0000024e78e40e60 JavaThread "Unconstrained build operations Thread 19" [_thread_blocked, id=16360, stack(0x00000058f8200000,0x00000058f8300000)]
  0x0000024e78e3e0d0 JavaThread "Unconstrained build operations Thread 20" [_thread_blocked, id=2484, stack(0x00000058f8300000,0x00000058f8400000)]
  0x0000024e78e3e5e0 JavaThread "Unconstrained build operations Thread 21" [_thread_blocked, id=3680, stack(0x00000058f8400000,0x00000058f8500000)]
  0x0000024e78e40440 JavaThread "Unconstrained build operations Thread 22" [_thread_blocked, id=17792, stack(0x00000058f8500000,0x00000058f8600000)]
  0x0000024e78e40950 JavaThread "Unconstrained build operations Thread 23" [_thread_blocked, id=7264, stack(0x00000058f8600000,0x00000058f8700000)]
  0x0000024e78e422a0 JavaThread "Unconstrained build operations Thread 24" [_thread_blocked, id=17212, stack(0x00000058f8700000,0x00000058f8800000)]
  0x0000024e78e41d90 JavaThread "Unconstrained build operations Thread 25" [_thread_blocked, id=17300, stack(0x00000058f8800000,0x00000058f8900000)]
  0x0000024e78e427b0 JavaThread "Unconstrained build operations Thread 26" [_thread_blocked, id=18064, stack(0x00000058f8900000,0x00000058f8a00000)]
  0x0000024e78e3b850 JavaThread "Unconstrained build operations Thread 27" [_thread_blocked, id=11752, stack(0x00000058f8a00000,0x00000058f8b00000)]
  0x0000024e78e3bd60 JavaThread "Unconstrained build operations Thread 28" [_thread_blocked, id=17292, stack(0x00000058f8b00000,0x00000058f8c00000)]
  0x0000024e78e3cc90 JavaThread "Memory manager" [_thread_blocked, id=18004, stack(0x00000058f8c00000,0x00000058f8d00000)]
  0x0000024e793b9030 JavaThread "Cache worker for Build Output Cleanup Cache (F:\document\reactNative\SupportBridge3\android\.gradle\buildOutputCleanup)" [_thread_blocked, id=17632, stack(0x00000058f8d00000,0x00000058f8e00000)]
  0x0000024e793b9540 JavaThread "Execution worker" [_thread_blocked, id=18820, stack(0x00000058f9400000,0x00000058f9500000)]
  0x0000024e793ba980 JavaThread "Execution worker Thread 2" [_thread_blocked, id=18824, stack(0x00000058f9500000,0x00000058f9600000)]
  0x0000024e7a402730 JavaThread "Execution worker Thread 3" [_thread_blocked, id=18828, stack(0x00000058f9600000,0x00000058f9700000)]
  0x0000024e7a404590 JavaThread "Cache worker for execution history cache (F:\document\reactNative\SupportBridge3\node_modules\@react-native\gradle-plugin\.gradle\8.0.1\executionHistory)" [_thread_blocked, id=18860, stack(0x00000058f9700000,0x00000058f9800000)]
  0x0000024e7a404aa0 JavaThread "Unconstrained build operations Thread 29" [_thread_blocked, id=18948, stack(0x00000058f9800000,0x00000058f9900000)]
  0x0000024e7a400de0 JavaThread "Unconstrained build operations Thread 30" [_thread_blocked, id=18952, stack(0x00000058f9900000,0x00000058f9a00000)]
  0x0000024e7a3ff9a0 JavaThread "Unconstrained build operations Thread 31" [_thread_blocked, id=18956, stack(0x00000058f9a00000,0x00000058f9b00000)]
  0x0000024e7a401800 JavaThread "Unconstrained build operations Thread 32" [_thread_blocked, id=18960, stack(0x00000058f9b00000,0x00000058f9c00000)]
  0x0000024e7a4054c0 JavaThread "Unconstrained build operations Thread 33" [_thread_blocked, id=18964, stack(0x00000058f9c00000,0x00000058f9d00000)]
  0x0000024e7a4063f0 JavaThread "Unconstrained build operations Thread 34" [_thread_blocked, id=18968, stack(0x00000058f9d00000,0x00000058f9e00000)]
  0x0000024e7a3fef80 JavaThread "Unconstrained build operations Thread 35" [_thread_blocked, id=18972, stack(0x00000058f9e00000,0x00000058f9f00000)]
  0x0000024e7a404080 JavaThread "Unconstrained build operations Thread 36" [_thread_blocked, id=18976, stack(0x00000058f9f00000,0x00000058fa000000)]
  0x0000024e7a3ffeb0 JavaThread "Unconstrained build operations Thread 37" [_thread_blocked, id=18980, stack(0x00000058fa000000,0x00000058fa100000)]
  0x0000024e7a4003c0 JavaThread "Unconstrained build operations Thread 38" [_thread_blocked, id=18984, stack(0x00000058fa100000,0x00000058fa200000)]
  0x0000024e7a404fb0 JavaThread "Unconstrained build operations Thread 39" [_thread_blocked, id=18988, stack(0x00000058fa200000,0x00000058fa300000)]
  0x0000024e7a401d10 JavaThread "Unconstrained build operations Thread 40" [_thread_blocked, id=18992, stack(0x00000058fa300000,0x00000058fa400000)]
  0x0000024e7a402220 JavaThread "File lock release action executor Thread 2" [_thread_blocked, id=20260, stack(0x00000058f5f00000,0x00000058f6000000)]
  0x0000024e793ba470 JavaThread "included builds Thread 2" [_thread_blocked, id=19752, stack(0x00000058f9000000,0x00000058f9100000)]
  0x0000024e793bbdc0 JavaThread "File lock release action executor Thread 4" [_thread_blocked, id=19632, stack(0x00000058f5b00000,0x00000058f5c00000)]

Other Threads:
=>0x0000024e57df54f0 VMThread "VM Thread" [stack: 0x00000058f4300000,0x00000058f4400000] [id=1168]
  0x0000024e7704e530 WatcherThread [stack: 0x00000058f4f00000,0x00000058f5000000] [id=16048]
  0x0000024e385a6510 GCTaskThread "GC Thread#0" [stack: 0x00000058f3e00000,0x00000058f3f00000] [id=14356]
  0x0000024e77197730 GCTaskThread "GC Thread#1" [stack: 0x00000058f5000000,0x00000058f5100000] [id=4600]
  0x0000024e7734e5e0 GCTaskThread "GC Thread#2" [stack: 0x00000058f5100000,0x00000058f5200000] [id=3780]
  0x0000024e771f9480 GCTaskThread "GC Thread#3" [stack: 0x00000058f5200000,0x00000058f5300000] [id=2664]
  0x0000024e385b7370 ConcurrentGCThread "G1 Main Marker" [stack: 0x00000058f3f00000,0x00000058f4000000] [id=12440]
  0x0000024e385b7c90 ConcurrentGCThread "G1 Conc#0" [stack: 0x00000058f4000000,0x00000058f4100000] [id=10244]
  0x0000024e57cb0090 ConcurrentGCThread "G1 Refine#0" [stack: 0x00000058f4100000,0x00000058f4200000] [id=12916]
  0x0000024e7922e030 ConcurrentGCThread "G1 Refine#1" [stack: 0x00000058f6900000,0x00000058f6a00000] [id=17040]
  0x0000024e57cb09d0 ConcurrentGCThread "G1 Service" [stack: 0x00000058f4200000,0x00000058f4300000] [id=15748]

Threads with active compile tasks:

VM state: at safepoint (normal execution)

VM Mutex/Monitor currently owned by a thread:  ([mutex/lock_event])
[0x0000024e385478f0] Threads_lock - owner thread: 0x0000024e57df54f0
[0x0000024e385485e0] Heap_lock - owner thread: 0x0000024e385b7370

Heap address: 0x0000000080000000, size: 2048 MB, Compressed Oops mode: 32-bit

CDS archive(s) mapped at: [0x0000024e58000000-0x0000024e58bd0000-0x0000024e58bd0000), size 12386304, SharedBaseAddress: 0x0000024e58000000, ArchiveRelocationMode: 1.
Compressed class space mapped at: 0x0000024e59000000-0x0000024e73000000, reserved size: 436207616
Narrow klass base: 0x0000024e58000000, Narrow klass shift: 0, Narrow klass range: 0x100000000

GC Precious Log:
 CPUs: 4 total, 4 available
 Memory: 8105M
 Large Page Support: Disabled
 NUMA Support: Disabled
 Compressed Oops: Enabled (32-bit)
 Heap Region Size: 1M
 Heap Min Capacity: 8M
 Heap Initial Capacity: 128M
 Heap Max Capacity: 2G
 Pre-touch: Disabled
 Parallel Workers: 4
 Concurrent Workers: 1
 Concurrent Refinement Workers: 4
 Periodic GC: Disabled

Heap:
 garbage-first heap   total 296960K, used 201342K [0x0000000080000000, 0x0000000100000000)
  region size 1024K, 8 young (8192K), 2 survivors (2048K)
 Metaspace       used 96886K, committed 98048K, reserved 557056K
  class space    used 13330K, committed 13824K, reserved 425984K

Heap Regions: E=young(eden), S=young(survivor), O=old, HS=humongous(starts), HC=humongous(continues), CS=collection set, F=free, OA=open archive, CA=closed archive, TAMS=top-at-mark-start (previous, next)
|   0|0x0000000080000000, 0x0000000080100000, 0x0000000080100000|100%| O|  |TAMS 0x0000000080100000, 0x0000000080000000| Untracked 
|   1|0x0000000080100000, 0x0000000080200000, 0x0000000080200000|100%| O|  |TAMS 0x0000000080200000, 0x0000000080100000| Updating 
|   2|0x0000000080200000, 0x0000000080300000, 0x0000000080300000|100%|HS|  |TAMS 0x0000000080300000, 0x0000000080200000| Complete 
|   3|0x0000000080300000, 0x0000000080400000, 0x0000000080400000|100%|HC|  |TAMS 0x0000000080400000, 0x0000000080300000| Complete 
|   4|0x0000000080400000, 0x0000000080500000, 0x0000000080500000|100%|HC|  |TAMS 0x0000000080500000, 0x0000000080400000| Complete 
|   5|0x0000000080500000, 0x0000000080600000, 0x0000000080600000|100%|HC|  |TAMS 0x0000000080600000, 0x0000000080500000| Complete 
|   6|0x0000000080600000, 0x0000000080700000, 0x0000000080700000|100%| O|  |TAMS 0x0000000080700000, 0x0000000080600000| Untracked 
|   7|0x0000000080700000, 0x0000000080800000, 0x0000000080800000|100%| O|  |TAMS 0x0000000080800000, 0x0000000080700000| Untracked 
|   8|0x0000000080800000, 0x0000000080900000, 0x0000000080900000|100%| O|  |TAMS 0x0000000080900000, 0x0000000080800000| Untracked 
|   9|0x0000000080900000, 0x0000000080a00000, 0x0000000080a00000|100%| O|  |TAMS 0x0000000080a00000, 0x0000000080900000| Untracked 
|  10|0x0000000080a00000, 0x0000000080b00000, 0x0000000080b00000|100%| O|  |TAMS 0x0000000080b00000, 0x0000000080a00000| Untracked 
|  11|0x0000000080b00000, 0x0000000080c00000, 0x0000000080c00000|100%| O|  |TAMS 0x0000000080c00000, 0x0000000080b00000| Untracked 
|  12|0x0000000080c00000, 0x0000000080d00000, 0x0000000080d00000|100%| O|  |TAMS 0x0000000080d00000, 0x0000000080c00000| Updating 
|  13|0x0000000080d00000, 0x0000000080e00000, 0x0000000080e00000|100%| O|  |TAMS 0x0000000080e00000, 0x0000000080d00000| Untracked 
|  14|0x0000000080e00000, 0x0000000080f00000, 0x0000000080f00000|100%| O|  |TAMS 0x0000000080f00000, 0x0000000080e00000| Untracked 
|  15|0x0000000080f00000, 0x0000000081000000, 0x0000000081000000|100%| O|  |TAMS 0x0000000081000000, 0x0000000080f00000| Untracked 
|  16|0x0000000081000000, 0x0000000081100000, 0x0000000081100000|100%| O|  |TAMS 0x0000000081100000, 0x0000000081000000| Untracked 
|  17|0x0000000081100000, 0x0000000081200000, 0x0000000081200000|100%| O|  |TAMS 0x0000000081200000, 0x0000000081100000| Untracked 
|  18|0x0000000081200000, 0x0000000081300000, 0x0000000081300000|100%| O|  |TAMS 0x0000000081300000, 0x0000000081200000| Untracked 
|  19|0x0000000081300000, 0x0000000081400000, 0x0000000081400000|100%| O|  |TAMS 0x0000000081400000, 0x0000000081300000| Untracked 
|  20|0x0000000081400000, 0x0000000081500000, 0x0000000081500000|100%| O|  |TAMS 0x0000000081500000, 0x0000000081400000| Untracked 
|  21|0x0000000081500000, 0x0000000081600000, 0x0000000081600000|100%| O|  |TAMS 0x0000000081600000, 0x0000000081500000| Untracked 
|  22|0x0000000081600000, 0x0000000081700000, 0x0000000081700000|100%| O|  |TAMS 0x0000000081700000, 0x0000000081600000| Untracked 
|  23|0x0000000081700000, 0x0000000081800000, 0x0000000081800000|100%| O|  |TAMS 0x0000000081800000, 0x0000000081700000| Updating 
|  24|0x0000000081800000, 0x0000000081900000, 0x0000000081900000|100%| O|  |TAMS 0x0000000081900000, 0x0000000081800000| Untracked 
|  25|0x0000000081900000, 0x0000000081a00000, 0x0000000081a00000|100%| O|  |TAMS 0x0000000081a00000, 0x0000000081900000| Untracked 
|  26|0x0000000081a00000, 0x0000000081b00000, 0x0000000081b00000|100%| O|  |TAMS 0x0000000081b00000, 0x0000000081a00000| Untracked 
|  27|0x0000000081b00000, 0x0000000081c00000, 0x0000000081c00000|100%| O|  |TAMS 0x0000000081c00000, 0x0000000081b00000| Untracked 
|  28|0x0000000081c00000, 0x0000000081d00000, 0x0000000081d00000|100%| O|  |TAMS 0x0000000081d00000, 0x0000000081c00000| Untracked 
|  29|0x0000000081d00000, 0x0000000081e00000, 0x0000000081e00000|100%|HS|  |TAMS 0x0000000081e00000, 0x0000000081d00000| Complete 
|  30|0x0000000081e00000, 0x0000000081f00000, 0x0000000081f00000|100%|HC|  |TAMS 0x0000000081f00000, 0x0000000081e00000| Complete 
|  31|0x0000000081f00000, 0x0000000082000000, 0x0000000082000000|100%| O|  |TAMS 0x0000000082000000, 0x0000000081f00000| Updating 
|  32|0x0000000082000000, 0x0000000082100000, 0x0000000082100000|100%| O|  |TAMS 0x0000000082100000, 0x0000000082000000| Untracked 
|  33|0x0000000082100000, 0x0000000082200000, 0x0000000082200000|100%| O|  |TAMS 0x0000000082200000, 0x0000000082100000| Untracked 
|  34|0x0000000082200000, 0x0000000082300000, 0x0000000082300000|100%| O|  |TAMS 0x0000000082300000, 0x0000000082200000| Untracked 
|  35|0x0000000082300000, 0x0000000082400000, 0x0000000082400000|100%| O|  |TAMS 0x0000000082400000, 0x0000000082300000| Untracked 
|  36|0x0000000082400000, 0x0000000082500000, 0x0000000082500000|100%| O|  |TAMS 0x0000000082500000, 0x0000000082400000| Untracked 
|  37|0x0000000082500000, 0x0000000082600000, 0x0000000082600000|100%| O|  |TAMS 0x0000000082600000, 0x0000000082500000| Untracked 
|  38|0x0000000082600000, 0x0000000082700000, 0x0000000082700000|100%|HS|  |TAMS 0x0000000082700000, 0x0000000082600000| Complete 
|  39|0x0000000082700000, 0x0000000082800000, 0x0000000082800000|100%|HC|  |TAMS 0x0000000082800000, 0x0000000082700000| Complete 
|  40|0x0000000082800000, 0x0000000082900000, 0x0000000082900000|100%|HC|  |TAMS 0x0000000082900000, 0x0000000082800000| Complete 
|  41|0x0000000082900000, 0x0000000082a00000, 0x0000000082a00000|100%|HC|  |TAMS 0x0000000082a00000, 0x0000000082900000| Complete 
|  42|0x0000000082a00000, 0x0000000082b00000, 0x0000000082b00000|100%| O|  |TAMS 0x0000000082b00000, 0x0000000082a00000| Untracked 
|  43|0x0000000082b00000, 0x0000000082c00000, 0x0000000082c00000|100%| O|  |TAMS 0x0000000082c00000, 0x0000000082b00000| Untracked 
|  44|0x0000000082c00000, 0x0000000082d00000, 0x0000000082d00000|100%| O|  |TAMS 0x0000000082d00000, 0x0000000082c00000| Untracked 
|  45|0x0000000082d00000, 0x0000000082e00000, 0x0000000082e00000|100%| O|  |TAMS 0x0000000082e00000, 0x0000000082d00000| Untracked 
|  46|0x0000000082e00000, 0x0000000082f00000, 0x0000000082f00000|100%| O|  |TAMS 0x0000000082f00000, 0x0000000082e00000| Untracked 
|  47|0x0000000082f00000, 0x0000000083000000, 0x0000000083000000|100%| O|  |TAMS 0x0000000083000000, 0x0000000082f00000| Untracked 
|  48|0x0000000083000000, 0x0000000083100000, 0x0000000083100000|100%| O|  |TAMS 0x0000000083100000, 0x0000000083000000| Updating 
|  49|0x0000000083100000, 0x0000000083200000, 0x0000000083200000|100%| O|  |TAMS 0x0000000083200000, 0x0000000083100000| Untracked 
|  50|0x0000000083200000, 0x0000000083300000, 0x0000000083300000|100%| O|  |TAMS 0x0000000083300000, 0x0000000083200000| Untracked 
|  51|0x0000000083300000, 0x0000000083400000, 0x0000000083400000|100%| O|  |TAMS 0x0000000083400000, 0x0000000083300000| Updating 
|  52|0x0000000083400000, 0x0000000083500000, 0x0000000083500000|100%| O|  |TAMS 0x0000000083500000, 0x0000000083400000| Untracked 
|  53|0x0000000083500000, 0x0000000083600000, 0x0000000083600000|100%| O|  |TAMS 0x0000000083600000, 0x0000000083500000| Untracked 
|  54|0x0000000083600000, 0x0000000083700000, 0x0000000083700000|100%| O|  |TAMS 0x0000000083700000, 0x0000000083600000| Updating 
|  55|0x0000000083700000, 0x0000000083800000, 0x0000000083800000|100%|HS|  |TAMS 0x0000000083800000, 0x0000000083700000| Complete 
|  56|0x0000000083800000, 0x0000000083900000, 0x0000000083900000|100%|HS|  |TAMS 0x0000000083900000, 0x0000000083800000| Complete 
|  57|0x0000000083900000, 0x0000000083a00000, 0x0000000083a00000|100%|HS|  |TAMS 0x0000000083a00000, 0x0000000083900000| Complete 
|  58|0x0000000083a00000, 0x0000000083b00000, 0x0000000083b00000|100%| O|  |TAMS 0x0000000083b00000, 0x0000000083a00000| Untracked 
|  59|0x0000000083b00000, 0x0000000083c00000, 0x0000000083c00000|100%| O|  |TAMS 0x0000000083c00000, 0x0000000083b00000| Updating 
|  60|0x0000000083c00000, 0x0000000083d00000, 0x0000000083d00000|100%| O|  |TAMS 0x0000000083d00000, 0x0000000083c00000| Updating 
|  61|0x0000000083d00000, 0x0000000083e00000, 0x0000000083e00000|100%| O|  |TAMS 0x0000000083e00000, 0x0000000083d00000| Untracked 
|  62|0x0000000083e00000, 0x0000000083f00000, 0x0000000083f00000|100%| O|  |TAMS 0x0000000083f00000, 0x0000000083e00000| Untracked 
|  63|0x0000000083f00000, 0x0000000084000000, 0x0000000084000000|100%| O|  |TAMS 0x0000000084000000, 0x0000000083f00000| Untracked 
|  64|0x0000000084000000, 0x0000000084100000, 0x0000000084100000|100%| O|  |TAMS 0x0000000084100000, 0x0000000084000000| Updating 
|  65|0x0000000084100000, 0x0000000084200000, 0x0000000084200000|100%| O|  |TAMS 0x0000000084200000, 0x0000000084100000| Untracked 
|  66|0x0000000084200000, 0x0000000084300000, 0x0000000084300000|100%| O|  |TAMS 0x0000000084300000, 0x0000000084200000| Untracked 
|  67|0x0000000084300000, 0x0000000084400000, 0x0000000084400000|100%| O|  |TAMS 0x0000000084400000, 0x0000000084300000| Untracked 
|  68|0x0000000084400000, 0x0000000084500000, 0x0000000084500000|100%| O|  |TAMS 0x0000000084500000, 0x0000000084400000| Untracked 
|  69|0x0000000084500000, 0x0000000084600000, 0x0000000084600000|100%| O|  |TAMS 0x0000000084600000, 0x0000000084500000| Untracked 
|  70|0x0000000084600000, 0x0000000084700000, 0x0000000084700000|100%| O|  |TAMS 0x0000000084700000, 0x0000000084600000| Untracked 
|  71|0x0000000084700000, 0x0000000084800000, 0x0000000084800000|100%| O|  |TAMS 0x0000000084800000, 0x0000000084700000| Untracked 
|  72|0x0000000084800000, 0x0000000084900000, 0x0000000084900000|100%| O|  |TAMS 0x0000000084900000, 0x0000000084800000| Updating 
|  73|0x0000000084900000, 0x0000000084a00000, 0x0000000084a00000|100%| O|  |TAMS 0x0000000084a00000, 0x0000000084900000| Untracked 
|  74|0x0000000084a00000, 0x0000000084b00000, 0x0000000084b00000|100%| O|  |TAMS 0x0000000084b00000, 0x0000000084a00000| Untracked 
|  75|0x0000000084b00000, 0x0000000084c00000, 0x0000000084c00000|100%| O|  |TAMS 0x0000000084c00000, 0x0000000084b00000| Untracked 
|  76|0x0000000084c00000, 0x0000000084d00000, 0x0000000084d00000|100%| O|  |TAMS 0x0000000084d00000, 0x0000000084c00000| Untracked 
|  77|0x0000000084d00000, 0x0000000084e00000, 0x0000000084e00000|100%| O|  |TAMS 0x0000000084e00000, 0x0000000084d00000| Untracked 
|  78|0x0000000084e00000, 0x0000000084f00000, 0x0000000084f00000|100%| O|  |TAMS 0x0000000084f00000, 0x0000000084e00000| Untracked 
|  79|0x0000000084f00000, 0x0000000085000000, 0x0000000085000000|100%| O|  |TAMS 0x0000000085000000, 0x0000000084f00000| Untracked 
|  80|0x0000000085000000, 0x0000000085100000, 0x0000000085100000|100%| O|  |TAMS 0x0000000085100000, 0x0000000085000000| Untracked 
|  81|0x0000000085100000, 0x0000000085200000, 0x0000000085200000|100%|HS|  |TAMS 0x0000000085200000, 0x0000000085100000| Complete 
|  82|0x0000000085200000, 0x0000000085300000, 0x0000000085300000|100%|HC|  |TAMS 0x0000000085300000, 0x0000000085200000| Complete 
|  83|0x0000000085300000, 0x0000000085400000, 0x0000000085400000|100%|HC|  |TAMS 0x0000000085400000, 0x0000000085300000| Complete 
|  84|0x0000000085400000, 0x0000000085500000, 0x0000000085500000|100%| O|  |TAMS 0x0000000085500000, 0x0000000085400000| Untracked 
|  85|0x0000000085500000, 0x0000000085600000, 0x0000000085600000|100%|HS|  |TAMS 0x0000000085600000, 0x0000000085500000| Complete 
|  86|0x0000000085600000, 0x0000000085700000, 0x0000000085700000|100%|HC|  |TAMS 0x0000000085700000, 0x0000000085600000| Complete 
|  87|0x0000000085700000, 0x0000000085800000, 0x0000000085800000|100%| O|  |TAMS 0x0000000085800000, 0x0000000085700000| Untracked 
|  88|0x0000000085800000, 0x0000000085900000, 0x0000000085900000|100%| O|  |TAMS 0x0000000085900000, 0x0000000085800000| Untracked 
|  89|0x0000000085900000, 0x0000000085a00000, 0x0000000085a00000|100%| O|  |TAMS 0x0000000085a00000, 0x0000000085900000| Untracked 
|  90|0x0000000085a00000, 0x0000000085b00000, 0x0000000085b00000|100%| O|  |TAMS 0x0000000085b00000, 0x0000000085a00000| Untracked 
|  91|0x0000000085b00000, 0x0000000085c00000, 0x0000000085c00000|100%| O|  |TAMS 0x0000000085c00000, 0x0000000085b00000| Untracked 
|  92|0x0000000085c00000, 0x0000000085d00000, 0x0000000085d00000|100%| O|  |TAMS 0x0000000085d00000, 0x0000000085c00000| Untracked 
|  93|0x0000000085d00000, 0x0000000085e00000, 0x0000000085e00000|100%| O|  |TAMS 0x0000000085e00000, 0x0000000085d00000| Updating 
|  94|0x0000000085e00000, 0x0000000085f00000, 0x0000000085f00000|100%| O|  |TAMS 0x0000000085f00000, 0x0000000085e00000| Untracked 
|  95|0x0000000085f00000, 0x0000000086000000, 0x0000000086000000|100%| O|  |TAMS 0x0000000086000000, 0x0000000085f00000| Updating 
|  96|0x0000000086000000, 0x0000000086100000, 0x0000000086100000|100%| O|  |TAMS 0x0000000086100000, 0x0000000086000000| Updating 
|  97|0x0000000086100000, 0x0000000086200000, 0x0000000086200000|100%| O|  |TAMS 0x0000000086200000, 0x0000000086100000| Untracked 
|  98|0x0000000086200000, 0x0000000086300000, 0x0000000086300000|100%| O|  |TAMS 0x0000000086300000, 0x0000000086200000| Updating 
|  99|0x0000000086300000, 0x0000000086400000, 0x0000000086400000|100%| O|  |TAMS 0x0000000086400000, 0x0000000086300000| Updating 
| 100|0x0000000086400000, 0x0000000086500000, 0x0000000086500000|100%|HS|  |TAMS 0x0000000086500000, 0x0000000086400000| Complete 
| 101|0x0000000086500000, 0x0000000086600000, 0x0000000086600000|100%|HS|  |TAMS 0x0000000086600000, 0x0000000086500000| Complete 
| 102|0x0000000086600000, 0x0000000086700000, 0x0000000086700000|100%|HS|  |TAMS 0x0000000086700000, 0x0000000086600000| Complete 
| 103|0x0000000086700000, 0x0000000086800000, 0x0000000086800000|100%|HS|  |TAMS 0x0000000086800000, 0x0000000086700000| Complete 
| 104|0x0000000086800000, 0x0000000086900000, 0x0000000086900000|100%|HC|  |TAMS 0x0000000086900000, 0x0000000086800000| Complete 
| 105|0x0000000086900000, 0x0000000086a00000, 0x0000000086a00000|100%|HC|  |TAMS 0x0000000086a00000, 0x0000000086900000| Complete 
| 106|0x0000000086a00000, 0x0000000086b00000, 0x0000000086b00000|100%|HS|  |TAMS 0x0000000086b00000, 0x0000000086a00000| Complete 
| 107|0x0000000086b00000, 0x0000000086c00000, 0x0000000086c00000|100%|HC|  |TAMS 0x0000000086c00000, 0x0000000086b00000| Complete 
| 108|0x0000000086c00000, 0x0000000086d00000, 0x0000000086d00000|100%| O|  |TAMS 0x0000000086d00000, 0x0000000086c00000| Untracked 
| 109|0x0000000086d00000, 0x0000000086e00000, 0x0000000086e00000|100%| O|  |TAMS 0x0000000086e00000, 0x0000000086d00000| Untracked 
| 110|0x0000000086e00000, 0x0000000086f00000, 0x0000000086f00000|100%| O|  |TAMS 0x0000000086f00000, 0x0000000086e00000| Untracked 
| 111|0x0000000086f00000, 0x0000000087000000, 0x0000000087000000|100%| O|  |TAMS 0x0000000087000000, 0x0000000086f00000| Untracked 
| 112|0x0000000087000000, 0x0000000087100000, 0x0000000087100000|100%| O|  |TAMS 0x0000000087100000, 0x0000000087000000| Untracked 
| 113|0x0000000087100000, 0x0000000087200000, 0x0000000087200000|100%| O|  |TAMS 0x0000000087200000, 0x0000000087100000| Untracked 
| 114|0x0000000087200000, 0x0000000087300000, 0x0000000087300000|100%| O|  |TAMS 0x0000000087300000, 0x0000000087200000| Untracked 
| 115|0x0000000087300000, 0x0000000087400000, 0x0000000087400000|100%| O|  |TAMS 0x0000000087400000, 0x0000000087300000| Untracked 
| 116|0x0000000087400000, 0x0000000087500000, 0x0000000087500000|100%| O|  |TAMS 0x0000000087500000, 0x0000000087400000| Untracked 
| 117|0x0000000087500000, 0x0000000087600000, 0x0000000087600000|100%| O|  |TAMS 0x0000000087600000, 0x0000000087500000| Updating 
| 118|0x0000000087600000, 0x0000000087700000, 0x0000000087700000|100%|HS|  |TAMS 0x0000000087700000, 0x0000000087600000| Complete 
| 119|0x0000000087700000, 0x0000000087800000, 0x0000000087800000|100%| O|  |TAMS 0x0000000087800000, 0x0000000087700000| Untracked 
| 120|0x0000000087800000, 0x0000000087900000, 0x0000000087900000|100%|HS|  |TAMS 0x0000000087900000, 0x0000000087800000| Complete 
| 121|0x0000000087900000, 0x0000000087a00000, 0x0000000087a00000|100%|HS|  |TAMS 0x0000000087a00000, 0x0000000087900000| Complete 
| 122|0x0000000087a00000, 0x0000000087b00000, 0x0000000087b00000|100%|HS|  |TAMS 0x0000000087b00000, 0x0000000087a00000| Complete 
| 123|0x0000000087b00000, 0x0000000087c00000, 0x0000000087c00000|100%|HS|  |TAMS 0x0000000087c00000, 0x0000000087b00000| Complete 
| 124|0x0000000087c00000, 0x0000000087d00000, 0x0000000087d00000|100%|HC|  |TAMS 0x0000000087d00000, 0x0000000087c00000| Complete 
| 125|0x0000000087d00000, 0x0000000087e00000, 0x0000000087e00000|100%|HC|  |TAMS 0x0000000087e00000, 0x0000000087d00000| Complete 
| 126|0x0000000087e00000, 0x0000000087f00000, 0x0000000087f00000|100%| O|  |TAMS 0x0000000087f00000, 0x0000000087e00000| Untracked 
| 127|0x0000000087f00000, 0x0000000088000000, 0x0000000088000000|100%| O|  |TAMS 0x0000000088000000, 0x0000000087f00000| Untracked 
| 128|0x0000000088000000, 0x0000000088100000, 0x0000000088100000|100%| O|  |TAMS 0x0000000088100000, 0x0000000088000000| Untracked 
| 129|0x0000000088100000, 0x0000000088200000, 0x0000000088200000|100%| O|  |TAMS 0x0000000088200000, 0x0000000088100000| Untracked 
| 130|0x0000000088200000, 0x0000000088300000, 0x0000000088300000|100%| O|  |TAMS 0x0000000088300000, 0x0000000088200000| Untracked 
| 131|0x0000000088300000, 0x0000000088400000, 0x0000000088400000|100%| O|  |TAMS 0x0000000088400000, 0x0000000088300000| Updating 
| 132|0x0000000088400000, 0x0000000088500000, 0x0000000088500000|100%| O|  |TAMS 0x0000000088500000, 0x0000000088400000| Updating 
| 133|0x0000000088500000, 0x0000000088600000, 0x0000000088600000|100%| O|  |TAMS 0x0000000088600000, 0x0000000088500000| Untracked 
| 134|0x0000000088600000, 0x0000000088700000, 0x0000000088700000|100%|HS|  |TAMS 0x0000000088700000, 0x0000000088600000| Complete 
| 135|0x0000000088700000, 0x0000000088800000, 0x0000000088800000|100%| O|  |TAMS 0x0000000088800000, 0x0000000088700000| Updating 
| 136|0x0000000088800000, 0x0000000088900000, 0x0000000088900000|100%| O|  |TAMS 0x0000000088900000, 0x0000000088800000| Untracked 
| 137|0x0000000088900000, 0x0000000088a00000, 0x0000000088a00000|100%| O|  |TAMS 0x0000000088a00000, 0x0000000088900000| Untracked 
| 138|0x0000000088a00000, 0x0000000088b00000, 0x0000000088b00000|100%| O|  |TAMS 0x0000000088b00000, 0x0000000088a00000| Untracked 
| 139|0x0000000088b00000, 0x0000000088c00000, 0x0000000088c00000|100%| O|  |TAMS 0x0000000088c00000, 0x0000000088b00000| Updating 
| 140|0x0000000088c00000, 0x0000000088d00000, 0x0000000088d00000|100%| O|  |TAMS 0x0000000088d00000, 0x0000000088c00000| Updating 
| 141|0x0000000088d00000, 0x0000000088e00000, 0x0000000088e00000|100%|HS|  |TAMS 0x0000000088e00000, 0x0000000088d00000| Complete 
| 142|0x0000000088e00000, 0x0000000088f00000, 0x0000000088f00000|100%| O|  |TAMS 0x0000000088f00000, 0x0000000088e00000| Untracked 
| 143|0x0000000088f00000, 0x0000000089000000, 0x0000000089000000|100%| O|  |TAMS 0x0000000089000000, 0x0000000088f00000| Untracked 
| 144|0x0000000089000000, 0x0000000089100000, 0x0000000089100000|100%| O|  |TAMS 0x0000000089100000, 0x0000000089000000| Untracked 
| 145|0x0000000089100000, 0x0000000089200000, 0x0000000089200000|100%| O|  |TAMS 0x0000000089200000, 0x0000000089100000| Untracked 
| 146|0x0000000089200000, 0x0000000089300000, 0x0000000089300000|100%| O|  |TAMS 0x0000000089300000, 0x0000000089200000| Updating 
| 147|0x0000000089300000, 0x0000000089400000, 0x0000000089400000|100%| O|  |TAMS 0x0000000089400000, 0x0000000089300000| Updating 
| 148|0x0000000089400000, 0x0000000089500000, 0x0000000089500000|100%| O|  |TAMS 0x0000000089500000, 0x0000000089400000| Untracked 
| 149|0x0000000089500000, 0x0000000089600000, 0x0000000089600000|100%| O|  |TAMS 0x0000000089600000, 0x0000000089500000| Untracked 
| 150|0x0000000089600000, 0x0000000089700000, 0x0000000089700000|100%| O|  |TAMS 0x0000000089700000, 0x0000000089600000| Untracked 
| 151|0x0000000089700000, 0x0000000089800000, 0x0000000089800000|100%| O|  |TAMS 0x0000000089800000, 0x0000000089700000| Untracked 
| 152|0x0000000089800000, 0x0000000089900000, 0x0000000089900000|100%| O|  |TAMS 0x0000000089900000, 0x0000000089800000| Untracked 
| 153|0x0000000089900000, 0x0000000089a00000, 0x0000000089a00000|100%| O|  |TAMS 0x0000000089a00000, 0x0000000089900000| Untracked 
| 154|0x0000000089a00000, 0x0000000089b00000, 0x0000000089b00000|100%| O|  |TAMS 0x0000000089b00000, 0x0000000089a00000| Updating 
| 155|0x0000000089b00000, 0x0000000089c00000, 0x0000000089c00000|100%| O|  |TAMS 0x0000000089c00000, 0x0000000089b00000| Updating 
| 156|0x0000000089c00000, 0x0000000089d00000, 0x0000000089d00000|100%| O|  |TAMS 0x0000000089d00000, 0x0000000089c00000| Updating 
| 157|0x0000000089d00000, 0x0000000089e00000, 0x0000000089e00000|100%| O|  |TAMS 0x0000000089e00000, 0x0000000089d00000| Updating 
| 158|0x0000000089e00000, 0x0000000089f00000, 0x0000000089f00000|100%| O|  |TAMS 0x0000000089f00000, 0x0000000089e00000| Untracked 
| 159|0x0000000089f00000, 0x000000008a000000, 0x000000008a000000|100%| O|  |TAMS 0x000000008a000000, 0x0000000089f00000| Untracked 
| 160|0x000000008a000000, 0x000000008a100000, 0x000000008a100000|100%| O|  |TAMS 0x000000008a100000, 0x000000008a000000| Untracked 
| 161|0x000000008a100000, 0x000000008a200000, 0x000000008a200000|100%| O|  |TAMS 0x000000008a200000, 0x000000008a100000| Updating 
| 162|0x000000008a200000, 0x000000008a300000, 0x000000008a300000|100%| O|  |TAMS 0x000000008a300000, 0x000000008a200000| Updating 
| 163|0x000000008a300000, 0x000000008a400000, 0x000000008a400000|100%| O|  |TAMS 0x000000008a400000, 0x000000008a300000| Updating 
| 164|0x000000008a400000, 0x000000008a500000, 0x000000008a500000|100%| O|  |TAMS 0x000000008a500000, 0x000000008a400000| Untracked 
| 165|0x000000008a500000, 0x000000008a600000, 0x000000008a600000|100%| O|  |TAMS 0x000000008a600000, 0x000000008a500000| Untracked 
| 166|0x000000008a600000, 0x000000008a700000, 0x000000008a700000|100%| O|  |TAMS 0x000000008a700000, 0x000000008a600000| Untracked 
| 167|0x000000008a700000, 0x000000008a800000, 0x000000008a800000|100%| O|  |TAMS 0x000000008a800000, 0x000000008a700000| Untracked 
| 168|0x000000008a800000, 0x000000008a900000, 0x000000008a900000|100%| O|  |TAMS 0x000000008a900000, 0x000000008a800000| Updating 
| 169|0x000000008a900000, 0x000000008aa00000, 0x000000008aa00000|100%| O|  |TAMS 0x000000008aa00000, 0x000000008a900000| Updating 
| 170|0x000000008aa00000, 0x000000008ab00000, 0x000000008ab00000|100%| O|  |TAMS 0x000000008ab00000, 0x000000008aa00000| Untracked 
| 171|0x000000008ab00000, 0x000000008ac00000, 0x000000008ac00000|100%| O|  |TAMS 0x000000008ac00000, 0x000000008ab00000| Untracked 
| 172|0x000000008ac00000, 0x000000008ad00000, 0x000000008ad00000|100%| O|  |TAMS 0x000000008ad00000, 0x000000008ac00000| Untracked 
| 173|0x000000008ad00000, 0x000000008ae00000, 0x000000008ae00000|100%| O|  |TAMS 0x000000008ae00000, 0x000000008ad00000| Untracked 
| 174|0x000000008ae00000, 0x000000008af00000, 0x000000008af00000|100%| O|  |TAMS 0x000000008af00000, 0x000000008ae00000| Untracked 
| 175|0x000000008af00000, 0x000000008b000000, 0x000000008b000000|100%| O|  |TAMS 0x000000008b000000, 0x000000008af00000| Updating 
| 176|0x000000008b000000, 0x000000008b100000, 0x000000008b100000|100%| O|  |TAMS 0x000000008b100000, 0x000000008b000000| Updating 
| 177|0x000000008b100000, 0x000000008b200000, 0x000000008b200000|100%| O|  |TAMS 0x000000008b200000, 0x000000008b100000| Updating 
| 178|0x000000008b200000, 0x000000008b300000, 0x000000008b300000|100%| O|  |TAMS 0x000000008b300000, 0x000000008b200000| Untracked 
| 179|0x000000008b300000, 0x000000008b400000, 0x000000008b400000|100%| O|  |TAMS 0x000000008b400000, 0x000000008b300000| Untracked 
| 180|0x000000008b400000, 0x000000008b500000, 0x000000008b500000|100%| O|  |TAMS 0x000000008b500000, 0x000000008b400000| Untracked 
| 181|0x000000008b500000, 0x000000008b600000, 0x000000008b600000|100%| O|  |TAMS 0x000000008b600000, 0x000000008b500000| Untracked 
| 182|0x000000008b600000, 0x000000008b700000, 0x000000008b700000|100%| O|  |TAMS 0x000000008b700000, 0x000000008b600000| Updating 
| 183|0x000000008b700000, 0x000000008b800000, 0x000000008b800000|100%| O|  |TAMS 0x000000008b800000, 0x000000008b700000| Untracked 
| 184|0x000000008b800000, 0x000000008b900000, 0x000000008b900000|100%| O|  |TAMS 0x000000008b8d1e00, 0x000000008b800000| Updating 
| 185|0x000000008b900000, 0x000000008ba00000, 0x000000008ba00000|100%| O|  |TAMS 0x000000008b900000, 0x000000008b900000| Untracked 
| 186|0x000000008ba00000, 0x000000008bb00000, 0x000000008bb00000|100%| O|  |TAMS 0x000000008ba00000, 0x000000008ba00000| Untracked 
| 187|0x000000008bb00000, 0x000000008bc00000, 0x000000008bc00000|100%| O|  |TAMS 0x000000008bb00000, 0x000000008bb00000| Untracked 
| 188|0x000000008bc00000, 0x000000008bd00000, 0x000000008bd00000|100%| O|  |TAMS 0x000000008bc00000, 0x000000008bc00000| Untracked 
| 189|0x000000008bd00000, 0x000000008be00000, 0x000000008be00000|100%| O|  |TAMS 0x000000008bd00000, 0x000000008bd00000| Untracked 
| 190|0x000000008be00000, 0x000000008bf00000, 0x000000008bf00000|100%| O|  |TAMS 0x000000008be00000, 0x000000008be00000| Untracked 
| 191|0x000000008bf00000, 0x000000008bf4fc00, 0x000000008c000000| 31%| O|  |TAMS 0x000000008bf00000, 0x000000008bf00000| Updating 
| 192|0x000000008c000000, 0x000000008c000000, 0x000000008c100000|  0%| F|  |TAMS 0x000000008c000000, 0x000000008c000000| Untracked 
| 193|0x000000008c100000, 0x000000008c100000, 0x000000008c200000|  0%| F|  |TAMS 0x000000008c100000, 0x000000008c100000| Untracked 
| 194|0x000000008c200000, 0x000000008c200000, 0x000000008c300000|  0%| F|  |TAMS 0x000000008c200000, 0x000000008c200000| Untracked 
| 195|0x000000008c300000, 0x000000008c300000, 0x000000008c400000|  0%| F|  |TAMS 0x000000008c300000, 0x000000008c300000| Untracked 
| 196|0x000000008c400000, 0x000000008c400000, 0x000000008c500000|  0%| F|  |TAMS 0x000000008c400000, 0x000000008c400000| Untracked 
| 197|0x000000008c500000, 0x000000008c500000, 0x000000008c600000|  0%| F|  |TAMS 0x000000008c500000, 0x000000008c500000| Untracked 
| 198|0x000000008c600000, 0x000000008c600000, 0x000000008c700000|  0%| F|  |TAMS 0x000000008c600000, 0x000000008c600000| Untracked 
| 199|0x000000008c700000, 0x000000008c700000, 0x000000008c800000|  0%| F|  |TAMS 0x000000008c700000, 0x000000008c700000| Untracked 
| 200|0x000000008c800000, 0x000000008c800000, 0x000000008c900000|  0%| F|  |TAMS 0x000000008c800000, 0x000000008c800000| Untracked 
| 201|0x000000008c900000, 0x000000008c900000, 0x000000008ca00000|  0%| F|  |TAMS 0x000000008c900000, 0x000000008c900000| Untracked 
| 202|0x000000008ca00000, 0x000000008ca00000, 0x000000008cb00000|  0%| F|  |TAMS 0x000000008ca00000, 0x000000008ca00000| Untracked 
| 203|0x000000008cb00000, 0x000000008cb00000, 0x000000008cc00000|  0%| F|  |TAMS 0x000000008cb00000, 0x000000008cb00000| Untracked 
| 204|0x000000008cc00000, 0x000000008cc00000, 0x000000008cd00000|  0%| F|  |TAMS 0x000000008cc00000, 0x000000008cc00000| Untracked 
| 205|0x000000008cd00000, 0x000000008cd00000, 0x000000008ce00000|  0%| F|  |TAMS 0x000000008cd00000, 0x000000008cd00000| Untracked 
| 206|0x000000008ce00000, 0x000000008ce00000, 0x000000008cf00000|  0%| F|  |TAMS 0x000000008ce00000, 0x000000008ce00000| Untracked 
| 207|0x000000008cf00000, 0x000000008cf00000, 0x000000008d000000|  0%| F|  |TAMS 0x000000008cf00000, 0x000000008cf00000| Untracked 
| 208|0x000000008d000000, 0x000000008d000000, 0x000000008d100000|  0%| F|  |TAMS 0x000000008d000000, 0x000000008d000000| Untracked 
| 209|0x000000008d100000, 0x000000008d100000, 0x000000008d200000|  0%| F|  |TAMS 0x000000008d100000, 0x000000008d100000| Untracked 
| 210|0x000000008d200000, 0x000000008d200000, 0x000000008d300000|  0%| F|  |TAMS 0x000000008d200000, 0x000000008d200000| Untracked 
| 211|0x000000008d300000, 0x000000008d300000, 0x000000008d400000|  0%| F|  |TAMS 0x000000008d300000, 0x000000008d300000| Untracked 
| 212|0x000000008d400000, 0x000000008d400000, 0x000000008d500000|  0%| F|  |TAMS 0x000000008d400000, 0x000000008d400000| Untracked 
| 213|0x000000008d500000, 0x000000008d500000, 0x000000008d600000|  0%| F|  |TAMS 0x000000008d500000, 0x000000008d500000| Untracked 
| 214|0x000000008d600000, 0x000000008d600000, 0x000000008d700000|  0%| F|  |TAMS 0x000000008d600000, 0x000000008d600000| Untracked 
| 215|0x000000008d700000, 0x000000008d700000, 0x000000008d800000|  0%| F|  |TAMS 0x000000008d700000, 0x000000008d700000| Untracked 
| 216|0x000000008d800000, 0x000000008d800000, 0x000000008d900000|  0%| F|  |TAMS 0x000000008d800000, 0x000000008d800000| Untracked 
| 217|0x000000008d900000, 0x000000008d900000, 0x000000008da00000|  0%| F|  |TAMS 0x000000008d900000, 0x000000008d900000| Untracked 
| 218|0x000000008da00000, 0x000000008da00000, 0x000000008db00000|  0%| F|  |TAMS 0x000000008da00000, 0x000000008da00000| Untracked 
| 219|0x000000008db00000, 0x000000008db00000, 0x000000008dc00000|  0%| F|  |TAMS 0x000000008db00000, 0x000000008db00000| Untracked 
| 220|0x000000008dc00000, 0x000000008dc00000, 0x000000008dd00000|  0%| F|  |TAMS 0x000000008dc00000, 0x000000008dc00000| Untracked 
| 221|0x000000008dd00000, 0x000000008dd00000, 0x000000008de00000|  0%| F|  |TAMS 0x000000008dd00000, 0x000000008dd00000| Untracked 
| 222|0x000000008de00000, 0x000000008de00000, 0x000000008df00000|  0%| F|  |TAMS 0x000000008de00000, 0x000000008de00000| Untracked 
| 223|0x000000008df00000, 0x000000008df00000, 0x000000008e000000|  0%| F|  |TAMS 0x000000008df00000, 0x000000008df00000| Untracked 
| 224|0x000000008e000000, 0x000000008e000000, 0x000000008e100000|  0%| F|  |TAMS 0x000000008e000000, 0x000000008e000000| Untracked 
| 225|0x000000008e100000, 0x000000008e100000, 0x000000008e200000|  0%| F|  |TAMS 0x000000008e100000, 0x000000008e100000| Untracked 
| 226|0x000000008e200000, 0x000000008e200000, 0x000000008e300000|  0%| F|  |TAMS 0x000000008e200000, 0x000000008e200000| Untracked 
| 227|0x000000008e300000, 0x000000008e300000, 0x000000008e400000|  0%| F|  |TAMS 0x000000008e300000, 0x000000008e300000| Untracked 
| 228|0x000000008e400000, 0x000000008e400000, 0x000000008e500000|  0%| F|  |TAMS 0x000000008e400000, 0x000000008e400000| Untracked 
| 229|0x000000008e500000, 0x000000008e500000, 0x000000008e600000|  0%| F|  |TAMS 0x000000008e500000, 0x000000008e500000| Untracked 
| 230|0x000000008e600000, 0x000000008e600000, 0x000000008e700000|  0%| F|  |TAMS 0x000000008e600000, 0x000000008e600000| Untracked 
| 231|0x000000008e700000, 0x000000008e700000, 0x000000008e800000|  0%| F|  |TAMS 0x000000008e700000, 0x000000008e700000| Untracked 
| 232|0x000000008e800000, 0x000000008e800000, 0x000000008e900000|  0%| F|  |TAMS 0x000000008e800000, 0x000000008e800000| Untracked 
| 233|0x000000008e900000, 0x000000008e900000, 0x000000008ea00000|  0%| F|  |TAMS 0x000000008e900000, 0x000000008e900000| Untracked 
| 234|0x000000008ea00000, 0x000000008ea00000, 0x000000008eb00000|  0%| F|  |TAMS 0x000000008ea00000, 0x000000008ea00000| Untracked 
| 235|0x000000008eb00000, 0x000000008eb00000, 0x000000008ec00000|  0%| F|  |TAMS 0x000000008eb00000, 0x000000008eb00000| Untracked 
| 236|0x000000008ec00000, 0x000000008ec00000, 0x000000008ed00000|  0%| F|  |TAMS 0x000000008ec00000, 0x000000008ec00000| Untracked 
| 237|0x000000008ed00000, 0x000000008ed00000, 0x000000008ee00000|  0%| F|  |TAMS 0x000000008ed00000, 0x000000008ed00000| Untracked 
| 238|0x000000008ee00000, 0x000000008ee00000, 0x000000008ef00000|  0%| F|  |TAMS 0x000000008ee00000, 0x000000008ee00000| Untracked 
| 239|0x000000008ef00000, 0x000000008ef00000, 0x000000008f000000|  0%| F|  |TAMS 0x000000008ef00000, 0x000000008ef00000| Untracked 
| 240|0x000000008f000000, 0x000000008f000000, 0x000000008f100000|  0%| F|  |TAMS 0x000000008f000000, 0x000000008f000000| Untracked 
| 241|0x000000008f100000, 0x000000008f100000, 0x000000008f200000|  0%| F|  |TAMS 0x000000008f100000, 0x000000008f100000| Untracked 
| 242|0x000000008f200000, 0x000000008f24ffb0, 0x000000008f300000| 31%| S|CS|TAMS 0x000000008f200000, 0x000000008f200000| Complete 
| 243|0x000000008f300000, 0x000000008f400000, 0x000000008f400000|100%| S|CS|TAMS 0x000000008f300000, 0x000000008f300000| Complete 
| 244|0x000000008f400000, 0x000000008f400000, 0x000000008f500000|  0%| F|  |TAMS 0x000000008f400000, 0x000000008f400000| Untracked 
| 245|0x000000008f500000, 0x000000008f500000, 0x000000008f600000|  0%| F|  |TAMS 0x000000008f500000, 0x000000008f500000| Untracked 
| 246|0x000000008f600000, 0x000000008f600000, 0x000000008f700000|  0%| F|  |TAMS 0x000000008f600000, 0x000000008f600000| Untracked 
| 247|0x000000008f700000, 0x000000008f700000, 0x000000008f800000|  0%| F|  |TAMS 0x000000008f700000, 0x000000008f700000| Untracked 
| 248|0x000000008f800000, 0x000000008f800000, 0x000000008f900000|  0%| F|  |TAMS 0x000000008f800000, 0x000000008f800000| Untracked 
| 249|0x000000008f900000, 0x000000008f900000, 0x000000008fa00000|  0%| F|  |TAMS 0x000000008f900000, 0x000000008f900000| Untracked 
| 250|0x000000008fa00000, 0x000000008fa00000, 0x000000008fb00000|  0%| F|  |TAMS 0x000000008fa00000, 0x000000008fa00000| Untracked 
| 251|0x000000008fb00000, 0x000000008fb00000, 0x000000008fc00000|  0%| F|  |TAMS 0x000000008fb00000, 0x000000008fb00000| Untracked 
| 252|0x000000008fc00000, 0x000000008fc00000, 0x000000008fd00000|  0%| F|  |TAMS 0x000000008fc00000, 0x000000008fc00000| Untracked 
| 253|0x000000008fd00000, 0x000000008fd00000, 0x000000008fe00000|  0%| F|  |TAMS 0x000000008fd00000, 0x000000008fd00000| Untracked 
| 254|0x000000008fe00000, 0x000000008fe00000, 0x000000008ff00000|  0%| F|  |TAMS 0x000000008fe00000, 0x000000008fe00000| Untracked 
| 255|0x000000008ff00000, 0x000000008ff00000, 0x0000000090000000|  0%| F|  |TAMS 0x000000008ff00000, 0x000000008ff00000| Untracked 
| 256|0x0000000090000000, 0x0000000090000000, 0x0000000090100000|  0%| F|  |TAMS 0x0000000090000000, 0x0000000090000000| Untracked 
| 257|0x0000000090100000, 0x0000000090100000, 0x0000000090200000|  0%| F|  |TAMS 0x0000000090100000, 0x0000000090100000| Untracked 
| 258|0x0000000090200000, 0x0000000090200000, 0x0000000090300000|  0%| F|  |TAMS 0x0000000090200000, 0x0000000090200000| Untracked 
| 259|0x0000000090300000, 0x0000000090300000, 0x0000000090400000|  0%| F|  |TAMS 0x0000000090300000, 0x0000000090300000| Untracked 
| 260|0x0000000090400000, 0x0000000090400000, 0x0000000090500000|  0%| F|  |TAMS 0x0000000090400000, 0x0000000090400000| Untracked 
| 261|0x0000000090500000, 0x0000000090500000, 0x0000000090600000|  0%| F|  |TAMS 0x0000000090500000, 0x0000000090500000| Untracked 
| 262|0x0000000090600000, 0x0000000090600000, 0x0000000090700000|  0%| F|  |TAMS 0x0000000090600000, 0x0000000090600000| Untracked 
| 263|0x0000000090700000, 0x0000000090700000, 0x0000000090800000|  0%| F|  |TAMS 0x0000000090700000, 0x0000000090700000| Untracked 
| 264|0x0000000090800000, 0x0000000090800000, 0x0000000090900000|  0%| F|  |TAMS 0x0000000090800000, 0x0000000090800000| Untracked 
| 265|0x0000000090900000, 0x0000000090900000, 0x0000000090a00000|  0%| F|  |TAMS 0x0000000090900000, 0x0000000090900000| Untracked 
| 266|0x0000000090a00000, 0x0000000090a00000, 0x0000000090b00000|  0%| F|  |TAMS 0x0000000090a00000, 0x0000000090a00000| Untracked 
| 267|0x0000000090b00000, 0x0000000090b00000, 0x0000000090c00000|  0%| F|  |TAMS 0x0000000090b00000, 0x0000000090b00000| Untracked 
| 268|0x0000000090c00000, 0x0000000090c00000, 0x0000000090d00000|  0%| F|  |TAMS 0x0000000090c00000, 0x0000000090c00000| Untracked 
| 269|0x0000000090d00000, 0x0000000090d00000, 0x0000000090e00000|  0%| F|  |TAMS 0x0000000090d00000, 0x0000000090d00000| Untracked 
| 270|0x0000000090e00000, 0x0000000090e00000, 0x0000000090f00000|  0%| F|  |TAMS 0x0000000090e00000, 0x0000000090e00000| Untracked 
| 271|0x0000000090f00000, 0x0000000090f00000, 0x0000000091000000|  0%| F|  |TAMS 0x0000000090f00000, 0x0000000090f00000| Untracked 
| 272|0x0000000091000000, 0x0000000091000000, 0x0000000091100000|  0%| F|  |TAMS 0x0000000091000000, 0x0000000091000000| Untracked 
| 273|0x0000000091100000, 0x0000000091100000, 0x0000000091200000|  0%| F|  |TAMS 0x0000000091100000, 0x0000000091100000| Untracked 
| 274|0x0000000091200000, 0x0000000091200000, 0x0000000091300000|  0%| F|  |TAMS 0x0000000091200000, 0x0000000091200000| Untracked 
| 275|0x0000000091300000, 0x0000000091300000, 0x0000000091400000|  0%| F|  |TAMS 0x0000000091300000, 0x0000000091300000| Untracked 
| 276|0x0000000091400000, 0x0000000091400000, 0x0000000091500000|  0%| F|  |TAMS 0x0000000091400000, 0x0000000091400000| Untracked 
| 277|0x0000000091500000, 0x0000000091500000, 0x0000000091600000|  0%| F|  |TAMS 0x0000000091500000, 0x0000000091500000| Untracked 
| 278|0x0000000091600000, 0x0000000091600000, 0x0000000091700000|  0%| F|  |TAMS 0x0000000091600000, 0x0000000091600000| Untracked 
| 279|0x0000000091700000, 0x0000000091700000, 0x0000000091800000|  0%| F|  |TAMS 0x0000000091700000, 0x0000000091700000| Untracked 
| 280|0x0000000091800000, 0x0000000091800000, 0x0000000091900000|  0%| F|  |TAMS 0x0000000091800000, 0x0000000091800000| Untracked 
| 281|0x0000000091900000, 0x0000000091900000, 0x0000000091a00000|  0%| F|  |TAMS 0x0000000091900000, 0x0000000091900000| Untracked 
| 282|0x0000000091a00000, 0x0000000091a00000, 0x0000000091b00000|  0%| F|  |TAMS 0x0000000091a00000, 0x0000000091a00000| Untracked 
| 283|0x0000000091b00000, 0x0000000091b00000, 0x0000000091c00000|  0%| F|  |TAMS 0x0000000091b00000, 0x0000000091b00000| Untracked 
| 284|0x0000000091c00000, 0x0000000091c5d1e8, 0x0000000091d00000| 36%| E|  |TAMS 0x0000000091c00000, 0x0000000091c00000| Complete 
| 285|0x0000000091d00000, 0x0000000091e00000, 0x0000000091e00000|100%| E|CS|TAMS 0x0000000091d00000, 0x0000000091d00000| Complete 
| 286|0x0000000091e00000, 0x0000000091f00000, 0x0000000091f00000|100%| E|CS|TAMS 0x0000000091e00000, 0x0000000091e00000| Complete 
| 287|0x0000000091f00000, 0x0000000092000000, 0x0000000092000000|100%| E|CS|TAMS 0x0000000091f00000, 0x0000000091f00000| Complete 
| 288|0x0000000092000000, 0x0000000092100000, 0x0000000092100000|100%| E|CS|TAMS 0x0000000092000000, 0x0000000092000000| Complete 
| 289|0x0000000092100000, 0x00000000921ffff8, 0x0000000092200000| 99%| E|  |TAMS 0x0000000092100000, 0x0000000092100000| Complete 

Card table byte_map: [0x0000024e51010000,0x0000024e51410000] _byte_map_base: 0x0000024e50c10000

Marking Bits (Prev, Next): (CMBitMap*) 0x0000024e385a6a80, (CMBitMap*) 0x0000024e385a6a40
 Prev Bits: [0x0000024e53810000, 0x0000024e55810000)
 Next Bits: [0x0000024e51810000, 0x0000024e53810000)

Polling page: 0x0000024e383f0000

Metaspace:

Usage:
  Non-class:     81.60 MB used.
      Class:     13.02 MB used.
       Both:     94.62 MB used.

Virtual space:
  Non-class space:      128.00 MB reserved,      82.25 MB ( 64%) committed,  2 nodes.
      Class space:      416.00 MB reserved,      13.50 MB (  3%) committed,  1 nodes.
             Both:      544.00 MB reserved,      95.75 MB ( 18%) committed. 

Chunk freelists:
   Non-Class:  12.97 MB
       Class:  2.41 MB
        Both:  15.37 MB

MaxMetaspaceSize: 512.00 MB
CompressedClassSpaceSize: 416.00 MB
Initial GC threshold: 21.00 MB
Current GC threshold: 155.25 MB
CDS: on
MetaspaceReclaimPolicy: balanced
 - commit_granule_bytes: 65536.
 - commit_granule_words: 8192.
 - virtual_space_node_default_size: 8388608.
 - enlarge_chunks_in_place: 1.
 - new_chunks_are_fully_committed: 0.
 - uncommit_free_chunks: 1.
 - use_allocation_guard: 0.
 - handle_deallocations: 1.


Internal statistics:

num_allocs_failed_limit: 9.
num_arena_births: 1392.
num_arena_deaths: 0.
num_vsnodes_births: 3.
num_vsnodes_deaths: 0.
num_space_committed: 1532.
num_space_uncommitted: 0.
num_chunks_returned_to_freelist: 9.
num_chunks_taken_from_freelist: 5690.
num_chunk_merges: 9.
num_chunk_splits: 3649.
num_chunks_enlarged: 2290.
num_inconsistent_stats: 0.

CodeHeap 'non-profiled nmethods': size=120000Kb used=11015Kb max_used=11015Kb free=108984Kb
 bounds [0x0000024e490c0000, 0x0000024e49b90000, 0x0000024e505f0000]
CodeHeap 'profiled nmethods': size=120000Kb used=26709Kb max_used=26709Kb free=93290Kb
 bounds [0x0000024e415f0000, 0x0000024e43010000, 0x0000024e48b20000]
CodeHeap 'non-nmethods': size=5760Kb used=2396Kb max_used=2455Kb free=3363Kb
 bounds [0x0000024e48b20000, 0x0000024e48da0000, 0x0000024e490c0000]
 total_blobs=14605 nmethods=13672 adapters=844
 compilation: enabled
              stopped_count=0, restarted_count=0
 full_count=0

Compilation events (20 events):
Event: 664.835 Thread 0x0000024e57e15b10 nmethod 15945 0x0000024e43005890 code [0x0000024e43005a60, 0x0000024e43005de8]
Event: 664.836 Thread 0x0000024e57e15150 nmethod 15946 0x0000024e49b80090 code [0x0000024e49b80220, 0x0000024e49b802c8]
Event: 664.837 Thread 0x0000024e57e15b10 15947       1       org.gradle.api.internal.artifacts.transform.DefaultTransformer::requiresInputChanges (5 bytes)
Event: 664.838 Thread 0x0000024e57e15b10 nmethod 15947 0x0000024e49b80390 code [0x0000024e49b80520, 0x0000024e49b805f8]
Event: 664.900 Thread 0x0000024e57e15b10 15950       3       org.gradle.api.internal.artifacts.transform.DefaultTransformerInvocationFactory$AbstractTransformerExecution::visitImplementations (16 bytes)
Event: 664.901 Thread 0x0000024e57e15150 15949       4       org.gradle.internal.snapshot.AbstractIncompleteFileSystemNode$$Lambda$747/0x0000024e595e5000::test (10 bytes)
Event: 664.902 Thread 0x0000024e57e15150 nmethod 15949 0x0000024e49b80a90 code [0x0000024e49b80c20, 0x0000024e49b80d18]
Event: 664.905 Thread 0x0000024e57e15b10 nmethod 15950 0x0000024e43005f10 code [0x0000024e430060c0, 0x0000024e43006308]
Event: 664.905 Thread 0x0000024e57e15b10 15951       1       org.gradle.api.internal.artifacts.transform.DefaultTransformer::getImplementationClass (5 bytes)
Event: 664.905 Thread 0x0000024e57e15b10 nmethod 15951 0x0000024e49b80e10 code [0x0000024e49b80fa0, 0x0000024e49b81078]
Event: 665.513 Thread 0x0000024e57e15b10 15952       3       org.gradle.internal.resources.ExclusiveAccessResourceLock::doIsLockedByCurrentThread (16 bytes)
Event: 665.569 Thread 0x0000024e57e15b10 nmethod 15952 0x0000024e43006410 code [0x0000024e430065a0, 0x0000024e43006738]
Event: 665.570 Thread 0x0000024e57e15b10 15953       3       org.gradle.execution.plan.DefaultFinalizedExecutionPlan::tryAcquireLocksForNode (46 bytes)
Event: 665.588 Thread 0x0000024e57e15b10 nmethod 15953 0x0000024e43006810 code [0x0000024e43006a40, 0x0000024e43007158]
Event: 665.588 Thread 0x0000024e57e15b10 15954       3       org.gradle.execution.plan.DefaultFinalizedExecutionPlan::tryLockProjectFor (32 bytes)
Event: 665.588 Thread 0x0000024e57e15b10 nmethod 15954 0x0000024e43007410 code [0x0000024e430075e0, 0x0000024e43007a68]
Event: 665.662 Thread 0x0000024e57e15150 15955       4       sun.security.provider.DigestBase::engineUpdate (189 bytes)
Event: 665.677 Thread 0x0000024e57e15150 nmethod 15955 0x0000024e49b81110 code [0x0000024e49b812c0, 0x0000024e49b819a8]
Event: 665.739 Thread 0x0000024e57e15b10 15956       3       org.gradle.api.internal.provider.ProviderResolutionStrategy$2::resolve (7 bytes)
Event: 665.741 Thread 0x0000024e57e15b10 nmethod 15956 0x0000024e43007c10 code [0x0000024e43007dc0, 0x0000024e43007f88]

GC Heap History (20 events):
Event: 415.140 GC heap before
{Heap before GC invocations=64 (full 0):
 garbage-first heap   total 250880K, used 185299K [0x0000000080000000, 0x0000000100000000)
  region size 1024K, 40 young (40960K), 3 survivors (3072K)
 Metaspace       used 88995K, committed 89984K, reserved 557056K
  class space    used 12306K, committed 12736K, reserved 425984K
}
Event: 415.153 GC heap after
{Heap after GC invocations=65 (full 0):
 garbage-first heap   total 250880K, used 155873K [0x0000000080000000, 0x0000000100000000)
  region size 1024K, 5 young (5120K), 5 survivors (5120K)
 Metaspace       used 88995K, committed 89984K, reserved 557056K
  class space    used 12306K, committed 12736K, reserved 425984K
}
Event: 419.497 GC heap before
{Heap before GC invocations=65 (full 0):
 garbage-first heap   total 250880K, used 162017K [0x0000000080000000, 0x0000000100000000)
  region size 1024K, 12 young (12288K), 5 survivors (5120K)
 Metaspace       used 89001K, committed 89984K, reserved 557056K
  class space    used 12306K, committed 12736K, reserved 425984K
}
Event: 419.511 GC heap after
{Heap after GC invocations=66 (full 0):
 garbage-first heap   total 250880K, used 155764K [0x0000000080000000, 0x0000000100000000)
  region size 1024K, 2 young (2048K), 2 survivors (2048K)
 Metaspace       used 89001K, committed 89984K, reserved 557056K
  class space    used 12306K, committed 12736K, reserved 425984K
}
Event: 431.407 GC heap before
{Heap before GC invocations=66 (full 0):
 garbage-first heap   total 250880K, used 195700K [0x0000000080000000, 0x0000000100000000)
  region size 1024K, 40 young (40960K), 2 survivors (2048K)
 Metaspace       used 89607K, committed 90624K, reserved 557056K
  class space    used 12378K, committed 12800K, reserved 425984K
}
Event: 431.421 GC heap after
{Heap after GC invocations=67 (full 0):
 garbage-first heap   total 250880K, used 165411K [0x0000000080000000, 0x0000000100000000)
  region size 1024K, 5 young (5120K), 5 survivors (5120K)
 Metaspace       used 89607K, committed 90624K, reserved 557056K
  class space    used 12378K, committed 12800K, reserved 425984K
}
Event: 438.950 GC heap before
{Heap before GC invocations=67 (full 0):
 garbage-first heap   total 250880K, used 200227K [0x0000000080000000, 0x0000000100000000)
  region size 1024K, 39 young (39936K), 5 survivors (5120K)
 Metaspace       used 93376K, committed 94464K, reserved 557056K
  class space    used 12938K, committed 13376K, reserved 425984K
}
Event: 438.964 GC heap after
{Heap after GC invocations=68 (full 0):
 garbage-first heap   total 250880K, used 168671K [0x0000000080000000, 0x0000000100000000)
  region size 1024K, 3 young (3072K), 3 survivors (3072K)
 Metaspace       used 93376K, committed 94464K, reserved 557056K
  class space    used 12938K, committed 13376K, reserved 425984K
}
Event: 464.360 GC heap before
{Heap before GC invocations=68 (full 0):
 garbage-first heap   total 250880K, used 203487K [0x0000000080000000, 0x0000000100000000)
  region size 1024K, 37 young (37888K), 3 survivors (3072K)
 Metaspace       used 93979K, committed 95104K, reserved 557056K
  class space    used 13020K, committed 13504K, reserved 425984K
}
Event: 464.378 GC heap after
{Heap after GC invocations=69 (full 0):
 garbage-first heap   total 250880K, used 172927K [0x0000000080000000, 0x0000000100000000)
  region size 1024K, 5 young (5120K), 5 survivors (5120K)
 Metaspace       used 93979K, committed 95104K, reserved 557056K
  class space    used 13020K, committed 13504K, reserved 425984K
}
Event: 471.980 GC heap before
{Heap before GC invocations=70 (full 0):
 garbage-first heap   total 296960K, used 203647K [0x0000000080000000, 0x0000000100000000)
  region size 1024K, 35 young (35840K), 5 survivors (5120K)
 Metaspace       used 95046K, committed 96128K, reserved 557056K
  class space    used 13138K, committed 13632K, reserved 425984K
}
Event: 472.040 GC heap after
{Heap after GC invocations=71 (full 0):
 garbage-first heap   total 296960K, used 178851K [0x0000000080000000, 0x0000000100000000)
  region size 1024K, 5 young (5120K), 5 survivors (5120K)
 Metaspace       used 95046K, committed 96128K, reserved 557056K
  class space    used 13138K, committed 13632K, reserved 425984K
}
Event: 475.139 GC heap before
{Heap before GC invocations=71 (full 0):
 garbage-first heap   total 296960K, used 188067K [0x0000000080000000, 0x0000000100000000)
  region size 1024K, 14 young (14336K), 5 survivors (5120K)
 Metaspace       used 95142K, committed 96256K, reserved 557056K
  class space    used 13144K, committed 13632K, reserved 425984K
}
Event: 475.163 GC heap after
{Heap after GC invocations=72 (full 0):
 garbage-first heap   total 296960K, used 179136K [0x0000000080000000, 0x0000000100000000)
  region size 1024K, 2 young (2048K), 2 survivors (2048K)
 Metaspace       used 95142K, committed 96256K, reserved 557056K
  class space    used 13144K, committed 13632K, reserved 425984K
}
Event: 490.257 GC heap before
{Heap before GC invocations=72 (full 0):
 garbage-first heap   total 296960K, used 234432K [0x0000000080000000, 0x0000000100000000)
  region size 1024K, 56 young (57344K), 2 survivors (2048K)
 Metaspace       used 95992K, committed 97088K, reserved 557056K
  class space    used 13229K, committed 13696K, reserved 425984K
}
Event: 490.292 GC heap after
{Heap after GC invocations=73 (full 0):
 garbage-first heap   total 296960K, used 188699K [0x0000000080000000, 0x0000000100000000)
  region size 1024K, 7 young (7168K), 7 survivors (7168K)
 Metaspace       used 95992K, committed 97088K, reserved 557056K
  class space    used 13229K, committed 13696K, reserved 425984K
}
Event: 527.337 GC heap before
{Heap before GC invocations=73 (full 0):
 garbage-first heap   total 296960K, used 237851K [0x0000000080000000, 0x0000000100000000)
  region size 1024K, 56 young (57344K), 7 survivors (7168K)
 Metaspace       used 96759K, committed 97920K, reserved 557056K
  class space    used 13327K, committed 13824K, reserved 425984K
}
Event: 527.525 GC heap after
{Heap after GC invocations=74 (full 0):
 garbage-first heap   total 296960K, used 196308K [0x0000000080000000, 0x0000000100000000)
  region size 1024K, 7 young (7168K), 7 survivors (7168K)
 Metaspace       used 96759K, committed 97920K, reserved 557056K
  class space    used 13327K, committed 13824K, reserved 425984K
}
Event: 662.607 GC heap before
{Heap before GC invocations=74 (full 0):
 garbage-first heap   total 296960K, used 242388K [0x0000000080000000, 0x0000000100000000)
  region size 1024K, 53 young (54272K), 7 survivors (7168K)
 Metaspace       used 96849K, committed 97984K, reserved 557056K
  class space    used 13328K, committed 13824K, reserved 425984K
}
Event: 662.749 GC heap after
{Heap after GC invocations=75 (full 0):
 garbage-first heap   total 296960K, used 197246K [0x0000000080000000, 0x0000000100000000)
  region size 1024K, 2 young (2048K), 2 survivors (2048K)
 Metaspace       used 96849K, committed 97984K, reserved 557056K
  class space    used 13328K, committed 13824K, reserved 425984K
}

Deoptimization events (20 events):
Event: 615.685 Thread 0x0000024e78e41880 Uncommon trap: trap_request=0xffffffd6 fr.pc=0x0000024e49b60894 relative=0x00000000000007f4
Event: 615.685 Thread 0x0000024e78e41880 Uncommon trap: reason=array_check action=maybe_recompile pc=0x0000024e49b60894 method=java.util.TimSort.reverseRange([Ljava/lang/Object;II)V @ 27 c2
Event: 615.685 Thread 0x0000024e78e41880 DEOPT PACKING pc=0x0000024e49b60894 sp=0x00000058f81fca40
Event: 615.685 Thread 0x0000024e78e41880 DEOPT UNPACKING pc=0x0000024e48b723a3 sp=0x00000058f81fc990 mode 2
Event: 615.686 Thread 0x0000024e78e422a0 Uncommon trap: trap_request=0xffffffd6 fr.pc=0x0000024e49b60894 relative=0x00000000000007f4
Event: 615.686 Thread 0x0000024e78e422a0 Uncommon trap: reason=array_check action=maybe_recompile pc=0x0000024e49b60894 method=java.util.TimSort.reverseRange([Ljava/lang/Object;II)V @ 27 c2
Event: 615.687 Thread 0x0000024e78e422a0 DEOPT PACKING pc=0x0000024e49b60894 sp=0x00000058f87fc930
Event: 615.687 Thread 0x0000024e78e422a0 DEOPT UNPACKING pc=0x0000024e48b723a3 sp=0x00000058f87fc880 mode 2
Event: 664.434 Thread 0x0000024e7a4063f0 Uncommon trap: trap_request=0xffffff45 fr.pc=0x0000024e49705bc8 relative=0x0000000000006b28
Event: 664.597 Thread 0x0000024e7a4063f0 Uncommon trap: reason=unstable_if action=reinterpret pc=0x0000024e49705bc8 method=org.gradle.internal.time.MonotonicClock.advance(J)J @ 25 c2
Event: 664.597 Thread 0x0000024e7a4063f0 DEOPT PACKING pc=0x0000024e49705bc8 sp=0x00000058f9dfd150
Event: 664.597 Thread 0x0000024e7a4063f0 DEOPT UNPACKING pc=0x0000024e48b723a3 sp=0x00000058f9dfcf68 mode 2
Event: 665.205 Thread 0x0000024e793ba470 Uncommon trap: trap_request=0xffffff45 fr.pc=0x0000024e49b0dba8 relative=0x00000000000002a8
Event: 665.205 Thread 0x0000024e793ba470 Uncommon trap: reason=unstable_if action=reinterpret pc=0x0000024e49b0dba8 method=org.gradle.internal.resources.ExclusiveAccessResourceLock.acquireLock()Z @ 25 c2
Event: 665.205 Thread 0x0000024e793ba470 DEOPT PACKING pc=0x0000024e49b0dba8 sp=0x00000058f90fd8f0
Event: 665.237 Thread 0x0000024e793ba470 DEOPT UNPACKING pc=0x0000024e48b723a3 sp=0x00000058f90fd7a0 mode 2
Event: 665.799 Thread 0x0000024e793ba470 Uncommon trap: trap_request=0xffffffde fr.pc=0x0000024e49b2f7fc relative=0x0000000000002e1c
Event: 665.799 Thread 0x0000024e793ba470 Uncommon trap: reason=class_check action=maybe_recompile pc=0x0000024e49b2f7fc method=org.gradle.internal.snapshot.impl.AbstractValueProcessor.processValue(Ljava/lang/Object;Lorg/gradle/internal/snapshot/impl/AbstractValueProcessor$ValueVisitor;)Ljava/lan
Event: 665.800 Thread 0x0000024e793ba470 DEOPT PACKING pc=0x0000024e49b2f7fc sp=0x00000058f90fd3a0
Event: 665.800 Thread 0x0000024e793ba470 DEOPT UNPACKING pc=0x0000024e48b723a3 sp=0x00000058f90fd380 mode 2

Classes unloaded (0 events):
No events

Classes redefined (0 events):
No events

Internal exceptions (20 events):
Event: 432.642 Thread 0x0000024e77e6e440 Implicit null exception at 0x0000024e4987a110 to 0x0000024e4987a1d8
Event: 432.660 Thread 0x0000024e77e6e440 Implicit null exception at 0x0000024e4987ff8a to 0x0000024e4988006a
Event: 433.301 Thread 0x0000024e77e6e440 Implicit null exception at 0x0000024e4988c043 to 0x0000024e4988c0f7
Event: 433.431 Thread 0x0000024e77e6e440 Implicit null exception at 0x0000024e4914894e to 0x0000024e491492e0
Event: 434.086 Thread 0x0000024e77e6e440 Exception <a 'sun/nio/fs/WindowsException'{0x000000008eb9e018}> (0x000000008eb9e018) 
thrown [s\open\src\hotspot\share\prims\jni.cpp, line 516]
Event: 434.978 Thread 0x0000024e77e6e440 Exception <a 'java/lang/NullPointerException'{0x000000008e32e080}> (0x000000008e32e080) 
thrown [s\open\src\hotspot\share\interpreter\linkResolver.cpp, line 1433]
Event: 436.279 Thread 0x0000024e77e6e440 Implicit null exception at 0x0000024e49232f7f to 0x0000024e492350e4
Event: 438.471 Thread 0x0000024e77e6e440 Exception <a 'sun/nio/fs/WindowsException'{0x000000008d59b828}> (0x000000008d59b828) 
thrown [s\open\src\hotspot\share\prims\jni.cpp, line 516]
Event: 438.473 Thread 0x0000024e77e6e440 Exception <a 'sun/nio/fs/WindowsException'{0x000000008d59ce38}> (0x000000008d59ce38) 
thrown [s\open\src\hotspot\share\prims\jni.cpp, line 516]
Event: 438.473 Thread 0x0000024e77e6e440 Exception <a 'sun/nio/fs/WindowsException'{0x000000008d59e498}> (0x000000008d59e498) 
thrown [s\open\src\hotspot\share\prims\jni.cpp, line 516]
Event: 438.473 Thread 0x0000024e77e6e440 Exception <a 'sun/nio/fs/WindowsException'{0x000000008d59faf8}> (0x000000008d59faf8) 
thrown [s\open\src\hotspot\share\prims\jni.cpp, line 516]
Event: 438.967 Thread 0x0000024e57dfbe00 Implicit null exception at 0x0000024e4965c07d to 0x0000024e4965c7e0
Event: 445.199 Thread 0x0000024e77e6e440 Implicit null exception at 0x0000024e4935f126 to 0x0000024e4935ff94
Event: 464.934 Thread 0x0000024e77e6e440 Implicit null exception at 0x0000024e498ea738 to 0x0000024e498eb290
Event: 470.673 Thread 0x0000024e77e6e440 Exception <a 'java/lang/IncompatibleClassChangeError'{0x0000000090c0d970}: Found class java.lang.Object, but interface was expected> (0x0000000090c0d970) 
thrown [s\open\src\hotspot\share\interpreter\linkResolver.cpp, line 826]
Event: 477.598 Thread 0x0000024e77e6e440 Implicit null exception at 0x0000024e4978044c to 0x0000024e4978068c
Event: 477.874 Thread 0x0000024e77e6e440 Implicit null exception at 0x0000024e493a6f80 to 0x0000024e493a7670
Event: 497.998 Thread 0x0000024e793ba980 Exception <a 'java/lang/NoSuchMethodError'{0x000000008fd3d8f8}: 'void java.lang.invoke.DirectMethodHandle$Holder.invokeStatic(java.lang.Object, java.lang.Object, java.lang.Object, java.lang.Object, int, java.lang.Object, java.lang.Object)'> (0x000000008fd3d8f8) 
thrown [s\open\src\hotspot\share\interpreter\linkResolver.cpp, line 759]
Event: 498.324 Thread 0x0000024e793ba980 Exception <a 'java/lang/NoSuchMethodError'{0x000000008fc7fbc0}: 'java.lang.Object java.lang.invoke.DirectMethodHandle$Holder.invokeSpecialIFC(java.lang.Object, java.lang.Object, java.lang.Object)'> (0x000000008fc7fbc0) 
thrown [s\open\src\hotspot\share\interpreter\linkResolver.cpp, line 759]
Event: 507.366 Thread 0x0000024e793ba980 Exception <a 'java/lang/NoSuchMethodError'{0x000000008f8770b0}: 'void java.lang.invoke.DirectMethodHandle$Holder.invokeVirtual(java.lang.Object, java.lang.Object)'> (0x000000008f8770b0) 
thrown [s\open\src\hotspot\share\interpreter\linkResolver.cpp, line 759]

VM Operations (20 events):
Event: 616.027 Executing VM operation: Cleanup done
Event: 643.192 Executing VM operation: Cleanup
Event: 643.192 Executing VM operation: Cleanup done
Event: 644.206 Executing VM operation: Cleanup
Event: 644.206 Executing VM operation: Cleanup done
Event: 652.278 Executing VM operation: Cleanup
Event: 652.279 Executing VM operation: Cleanup done
Event: 661.313 Executing VM operation: Cleanup
Event: 661.313 Executing VM operation: Cleanup done
Event: 662.216 Executing VM operation: HandshakeAllThreads
Event: 662.216 Executing VM operation: HandshakeAllThreads done
Event: 662.607 Executing VM operation: G1CollectForAllocation
Event: 662.751 Executing VM operation: G1CollectForAllocation done
Event: 663.751 Executing VM operation: Cleanup
Event: 663.932 Executing VM operation: Cleanup done
Event: 664.946 Executing VM operation: Cleanup
Event: 665.055 Executing VM operation: Cleanup done
Event: 666.064 Executing VM operation: Cleanup
Event: 666.084 Executing VM operation: Cleanup done
Event: 666.740 Executing VM operation: G1Concurrent

Events (20 events):
Event: 439.537 Thread 0x0000024e57e89f00 flushing nmethod 0x0000024e42d06190
Event: 439.537 Thread 0x0000024e57e89f00 flushing nmethod 0x0000024e42d06c90
Event: 439.537 Thread 0x0000024e57e89f00 flushing nmethod 0x0000024e42d08790
Event: 439.537 Thread 0x0000024e57e89f00 flushing nmethod 0x0000024e42d09c90
Event: 439.537 Thread 0x0000024e57e89f00 flushing nmethod 0x0000024e42d0a690
Event: 439.537 Thread 0x0000024e57e89f00 flushing nmethod 0x0000024e42d0ba10
Event: 439.537 Thread 0x0000024e57e89f00 flushing nmethod 0x0000024e42d0d190
Event: 439.537 Thread 0x0000024e57e89f00 flushing nmethod 0x0000024e42d11810
Event: 439.537 Thread 0x0000024e57e89f00 flushing nmethod 0x0000024e42d17610
Event: 477.369 Thread 0x0000024e793bbdc0 Thread added: 0x0000024e793bbdc0
Event: 477.384 Thread 0x0000024e793bc2d0 Thread added: 0x0000024e793bc2d0
Event: 477.388 Thread 0x0000024e793b9a50 Thread added: 0x0000024e793b9a50
Event: 496.637 Thread 0x0000024e793ba470 Thread added: 0x0000024e793ba470
Event: 537.651 Thread 0x0000024e793b9a50 Thread exited: 0x0000024e793b9a50
Event: 554.888 Thread 0x0000024e77e71bf0 Thread exited: 0x0000024e77e71bf0
Event: 596.203 Thread 0x0000024e793b9a50 Thread added: 0x0000024e793b9a50
Event: 597.732 Thread 0x0000024e793bc2d0 Thread exited: 0x0000024e793bc2d0
Event: 656.642 Thread 0x0000024e793b9a50 Thread exited: 0x0000024e793b9a50
Event: 657.748 Thread 0x0000024e793bbdc0 Thread exited: 0x0000024e793bbdc0
Event: 662.015 Thread 0x0000024e793bbdc0 Thread added: 0x0000024e793bbdc0


Dynamic libraries:
0x00007ff7f30d0000 - 0x00007ff7f30e0000 	C:\Program Files\Java\jdk-17\bin\java.exe
0x00007fffa3770000 - 0x00007fffa3968000 	C:\WINDOWS\SYSTEM32\ntdll.dll
0x00007fffa1870000 - 0x00007fffa192d000 	C:\WINDOWS\System32\KERNEL32.DLL
0x00007fffa11c0000 - 0x00007fffa14b6000 	C:\WINDOWS\System32\KERNELBASE.dll
0x00007fffa1630000 - 0x00007fffa1730000 	C:\WINDOWS\System32\ucrtbase.dll
0x00007fff6e480000 - 0x00007fff6e499000 	C:\Program Files\Java\jdk-17\bin\jli.dll
0x00007fffa1ba0000 - 0x00007fffa1c53000 	C:\WINDOWS\System32\ADVAPI32.dll
0x00007fffa22d0000 - 0x00007fffa236e000 	C:\WINDOWS\System32\msvcrt.dll
0x00007fffa1cf0000 - 0x00007fffa1d8f000 	C:\WINDOWS\System32\sechost.dll
0x00007fffa1930000 - 0x00007fffa1a56000 	C:\WINDOWS\System32\RPCRT4.dll
0x00007fffa1040000 - 0x00007fffa1067000 	C:\WINDOWS\System32\bcrypt.dll
0x00007fffa3550000 - 0x00007fffa36ee000 	C:\WINDOWS\System32\USER32.dll
0x00007fffa1010000 - 0x00007fffa1032000 	C:\WINDOWS\System32\win32u.dll
0x00007fffa36f0000 - 0x00007fffa371c000 	C:\WINDOWS\System32\GDI32.dll
0x00007fffa1510000 - 0x00007fffa162a000 	C:\WINDOWS\System32\gdi32full.dll
0x00007fffa1120000 - 0x00007fffa11bd000 	C:\WINDOWS\System32\msvcp_win.dll
0x00007fff6e3f0000 - 0x00007fff6e40b000 	C:\Program Files\Java\jdk-17\bin\VCRUNTIME140.dll
0x00007fff8d040000 - 0x00007fff8d2da000 	C:\WINDOWS\WinSxS\amd64_microsoft.windows.common-controls_6595b64144ccf1df_6.0.19041.3636_none_60b6a03d71f818d5\COMCTL32.dll
0x00007fff904f0000 - 0x00007fff904fa000 	C:\WINDOWS\SYSTEM32\VERSION.dll
0x00007fffa1cc0000 - 0x00007fffa1cf0000 	C:\WINDOWS\System32\IMM32.DLL
0x00007fff78940000 - 0x00007fff7894c000 	C:\Program Files\Java\jdk-17\bin\vcruntime140_1.dll
0x00007fff4b140000 - 0x00007fff4b1ce000 	C:\Program Files\Java\jdk-17\bin\msvcp140.dll
0x00007fff2cc20000 - 0x00007fff2d7ff000 	C:\Program Files\Java\jdk-17\bin\server\jvm.dll
0x00007fffa2920000 - 0x00007fffa2928000 	C:\WINDOWS\System32\PSAPI.DLL
0x00007fff8edd0000 - 0x00007fff8edd9000 	C:\WINDOWS\SYSTEM32\WSOCK32.dll
0x00007fffa20b0000 - 0x00007fffa211b000 	C:\WINDOWS\System32\WS2_32.dll
0x00007fff8fda0000 - 0x00007fff8fdc7000 	C:\WINDOWS\SYSTEM32\WINMM.dll
0x00007fff9ecb0000 - 0x00007fff9ecc2000 	C:\WINDOWS\SYSTEM32\kernel.appcore.dll
0x00007fff767d0000 - 0x00007fff767da000 	C:\Program Files\Java\jdk-17\bin\jimage.dll
0x00007fff8a020000 - 0x00007fff8a204000 	C:\WINDOWS\SYSTEM32\DBGHELP.DLL
0x00007fff89fe0000 - 0x00007fff8a014000 	C:\WINDOWS\SYSTEM32\dbgcore.DLL
0x00007fffa1730000 - 0x00007fffa17b2000 	C:\WINDOWS\System32\bcryptPrimitives.dll
0x00007fff54680000 - 0x00007fff546a5000 	C:\Program Files\Java\jdk-17\bin\java.dll
0x00007fff42a70000 - 0x00007fff42b47000 	C:\Program Files\Java\jdk-17\bin\jsvml.dll
0x00007fffa2e00000 - 0x00007fffa3545000 	C:\WINDOWS\System32\SHELL32.dll
0x00007fff9eeb0000 - 0x00007fff9f64b000 	C:\WINDOWS\SYSTEM32\windows.storage.dll
0x00007fffa2370000 - 0x00007fffa26c4000 	C:\WINDOWS\System32\combase.dll
0x00007fffa0790000 - 0x00007fffa07bd000 	C:\WINDOWS\SYSTEM32\Wldp.dll
0x00007fffa1fa0000 - 0x00007fffa204d000 	C:\WINDOWS\System32\SHCORE.dll
0x00007fffa1c60000 - 0x00007fffa1cb5000 	C:\WINDOWS\System32\shlwapi.dll
0x00007fffa0d70000 - 0x00007fffa0d95000 	C:\WINDOWS\SYSTEM32\profapi.dll
0x00007fff68f70000 - 0x00007fff68f89000 	C:\Program Files\Java\jdk-17\bin\net.dll
0x00007fff99820000 - 0x00007fff9992a000 	C:\WINDOWS\SYSTEM32\WINHTTP.dll
0x00007fffa0570000 - 0x00007fffa05da000 	C:\WINDOWS\system32\mswsock.dll
0x00007fff579d0000 - 0x00007fff579e6000 	C:\Program Files\Java\jdk-17\bin\nio.dll
0x00007fff8a4b0000 - 0x00007fff8a4c8000 	C:\Program Files\Java\jdk-17\bin\zip.dll
0x00007fff7a480000 - 0x00007fff7a490000 	C:\Program Files\Java\jdk-17\bin\verify.dll
0x00007fff8ff90000 - 0x00007fff8ffb7000 	C:\Users\Laiba\.gradle\native\68d5fa5c4cc2d200863cafc0d521ce42e7d3e7ee720ec0a83991735586a16f82\windows-amd64\native-platform.dll
0x00007fff89b50000 - 0x00007fff89c94000 	C:\Users\Laiba\.gradle\native\e376f236ea51e6404a007f0833ffe2c6e607c4080706a723a18a27aeea778392\windows-amd64\native-platform-file-events.dll
0x00007fff76530000 - 0x00007fff7653a000 	C:\Program Files\Java\jdk-17\bin\management.dll
0x00007fff70d00000 - 0x00007fff70d0b000 	C:\Program Files\Java\jdk-17\bin\management_ext.dll
0x00007fffa07d0000 - 0x00007fffa07e8000 	C:\WINDOWS\SYSTEM32\CRYPTSP.dll
0x00007fff9fe50000 - 0x00007fff9fe84000 	C:\WINDOWS\system32\rsaenh.dll
0x00007fffa0d30000 - 0x00007fffa0d5e000 	C:\WINDOWS\SYSTEM32\USERENV.dll
0x00007fffa0700000 - 0x00007fffa070c000 	C:\WINDOWS\SYSTEM32\CRYPTBASE.dll
0x00007fffa0230000 - 0x00007fffa026b000 	C:\WINDOWS\SYSTEM32\IPHLPAPI.DLL
0x00007fffa3720000 - 0x00007fffa3728000 	C:\WINDOWS\System32\NSI.dll
0x00007fff99b60000 - 0x00007fff99b77000 	C:\WINDOWS\SYSTEM32\dhcpcsvc6.DLL
0x00007fff99710000 - 0x00007fff9972d000 	C:\WINDOWS\SYSTEM32\dhcpcsvc.DLL
0x00007fffa0280000 - 0x00007fffa034a000 	C:\WINDOWS\SYSTEM32\DNSAPI.dll
0x00007fff8d5e0000 - 0x00007fff8d5ee000 	C:\Program Files\Java\jdk-17\bin\sunmscapi.dll
0x00007fffa0e40000 - 0x00007fffa0f9d000 	C:\WINDOWS\System32\CRYPT32.dll
0x00007fffa08e0000 - 0x00007fffa0908000 	C:\WINDOWS\SYSTEM32\ncrypt.dll
0x00007fffa08a0000 - 0x00007fffa08db000 	C:\WINDOWS\SYSTEM32\NTASN1.dll
0x00007fff86640000 - 0x00007fff86647000 	C:\WINDOWS\system32\wshunix.dll
0x00007fff40f70000 - 0x00007fff40f87000 	C:\WINDOWS\system32\napinsp.dll
0x00007fff40f50000 - 0x00007fff40f6b000 	C:\WINDOWS\system32\pnrpnsp.dll
0x00007fff83ee0000 - 0x00007fff83ef5000 	C:\WINDOWS\system32\wshbth.dll
0x00007fff9c960000 - 0x00007fff9c97d000 	C:\WINDOWS\system32\NLAapi.dll
0x00007fff40f30000 - 0x00007fff40f42000 	C:\WINDOWS\System32\winrnr.dll
0x00007fff919b0000 - 0x00007fff919ba000 	C:\Windows\System32\rasadhlp.dll
0x00007fff99460000 - 0x00007fff994e0000 	C:\WINDOWS\System32\fwpuclnt.dll

dbghelp: loaded successfully - version: 4.0.5 - missing functions: none
symbol engine: initialized successfully - sym options: 0x614 - pdb path: .;C:\Program Files\Java\jdk-17\bin;C:\WINDOWS\SYSTEM32;C:\WINDOWS\WinSxS\amd64_microsoft.windows.common-controls_6595b64144ccf1df_6.0.19041.3636_none_60b6a03d71f818d5;C:\Program Files\Java\jdk-17\bin\server;C:\Users\Laiba\.gradle\native\68d5fa5c4cc2d200863cafc0d521ce42e7d3e7ee720ec0a83991735586a16f82\windows-amd64;C:\Users\Laiba\.gradle\native\e376f236ea51e6404a007f0833ffe2c6e607c4080706a723a18a27aeea778392\windows-amd64

VM Arguments:
jvm_args: -XX:MaxMetaspaceSize=512m --add-opens=java.base/java.util=ALL-UNNAMED --add-opens=java.base/java.lang=ALL-UNNAMED --add-opens=java.base/java.lang.invoke=ALL-UNNAMED --add-opens=java.prefs/java.util.prefs=ALL-UNNAMED --add-opens=java.base/java.nio.charset=ALL-UNNAMED --add-opens=java.base/java.net=ALL-UNNAMED --add-opens=java.base/java.util.concurrent.atomic=ALL-UNNAMED -Xmx2048m -Dfile.encoding=windows-1252 -Duser.country=US -Duser.language=en -Duser.variant 
java_command: org.gradle.launcher.daemon.bootstrap.GradleDaemon 8.0.1
java_class_path (initial): C:\Users\Laiba\.gradle\wrapper\dists\gradle-8.0.1-all\aro4hu1c3oeioove7l0i4i14o\gradle-8.0.1\lib\gradle-launcher-8.0.1.jar
Launcher Type: SUN_STANDARD

[Global flags]
     intx CICompilerCount                          = 3                                         {product} {ergonomic}
   size_t CompressedClassSpaceSize                 = 436207616                                 {product} {ergonomic}
     uint ConcGCThreads                            = 1                                         {product} {ergonomic}
     uint G1ConcRefinementThreads                  = 4                                         {product} {ergonomic}
   size_t G1HeapRegionSize                         = 1048576                                   {product} {ergonomic}
    uintx GCDrainStackTargetSize                   = 64                                        {product} {ergonomic}
   size_t InitialHeapSize                          = 134217728                                 {product} {ergonomic}
   size_t MarkStackSize                            = 4194304                                   {product} {ergonomic}
   size_t MaxHeapSize                              = 2147483648                                {product} {command line}
   size_t MaxMetaspaceSize                         = 536870912                                 {product} {command line}
   size_t MaxNewSize                               = 1287651328                                {product} {ergonomic}
   size_t MinHeapDeltaBytes                        = 1048576                                   {product} {ergonomic}
   size_t MinHeapSize                              = 8388608                                   {product} {ergonomic}
    uintx NonNMethodCodeHeapSize                   = 5832780                                {pd product} {ergonomic}
    uintx NonProfiledCodeHeapSize                  = 122912730                              {pd product} {ergonomic}
    uintx ProfiledCodeHeapSize                     = 122912730                              {pd product} {ergonomic}
    uintx ReservedCodeCacheSize                    = 251658240                              {pd product} {ergonomic}
     bool SegmentedCodeCache                       = true                                      {product} {ergonomic}
   size_t SoftMaxHeapSize                          = 2147483648                             {manageable} {ergonomic}
     bool UseCompressedClassPointers               = true                           {product lp64_product} {ergonomic}
     bool UseCompressedOops                        = true                           {product lp64_product} {ergonomic}
     bool UseG1GC                                  = true                                      {product} {ergonomic}
     bool UseLargePagesIndividualAllocation        = false                                  {pd product} {ergonomic}

Logging:
Log output configuration:
 #0: stdout all=warning uptime,level,tags
 #1: stderr all=off uptime,level,tags

Environment Variables:
JAVA_HOME=C:\Program Files\Java\jdk-17
CLASSPATH=F:\document\reactNative\SupportBridge3\android\\gradle\wrapper\gradle-wrapper.jar
PATH=F:\document\reactNative\SupportBridge3\node_modules\.bin;F:\document\reactNative\SupportBridge3\node_modules\.bin;F:\document\reactNative\node_modules\.bin;F:\document\node_modules\.bin;F:\node_modules\.bin;C:\Users\Laiba\AppData\Roaming\npm\node_modules\npm\node_modules\@npmcli\run-script\lib\node-gyp-bin;F:\document\reactNative\SupportBridge3\node_modules\.bin;F:\document\reactNative\SupportBridge3\node_modules\.bin;F:\document\reactNative\node_modules\.bin;F:\document\node_modules\.bin;F:\node_modules\.bin;C:\Users\Laiba\AppData\Roaming\npm\node_modules\npm\node_modules\@npmcli\run-script\lib\node-gyp-bin;C:\Program Files\Java\jdk-17\bin;C:\Program Files\Common Files\Oracle\Java\javapath;C:\Python311\Scripts\;C:\Python311\;C:\WINDOWS\system32;C:\WINDOWS;C:\WINDOWS\System32\Wbem;C:\WINDOWS\System32\WindowsPowerShell\v1.0\;C:\WINDOWS\System32\OpenSSH\;C:\ProgramData\chocolatey\bin;C:\Program Files\Git\cmd;C:\Program Files\MySQL\MySQL Server 8.0\bin;C:\Users\Laiba\AppData\Local\Android\Sdk\platform-tools;C:\Program Files\nodejs\;C:\Users\Laiba\AppData\Local\Android\Sdk\tools;C:\Users\Laiba\AppData\Local\jdk-11.0.2\bin;C:\Users\Laiba\AppData\Local\Microsoft\WindowsApps;C:\Program Files\Java\jdk1.8.0_202\bin;C:\Users\Laiba\AppData\Local\Programs\Microsoft VS Code\bin;C:\Users\Laiba\AppData\Roaming\npm
USERNAME=Laiba
LANG=en_US.UTF-8
OS=Windows_NT
PROCESSOR_IDENTIFIER=Intel64 Family 6 Model 60 Stepping 3, GenuineIntel



---------------  S Y S T E M  ---------------

OS:
 Windows 10 , 64 bit Build 19041 (10.0.19041.3636)
OS uptime: 0 days 0:45 hours
Hyper-V role detected

CPU: total 4 (initial active 4) (2 cores per cpu, 2 threads per core) family 6 model 60 stepping 3 microcode 0x27, cx8, cmov, fxsr, ht, mmx, sse, sse2, sse3, ssse3, sse4.1, sse4.2, popcnt, lzcnt, tsc, tscinvbit, avx, avx2, aes, erms, clmul, bmi1, bmi2, fma, vzeroupper, clflush, hv

Memory: 4k page, system-wide physical 8105M (295M free)
TotalPageFile size 23194M (AvailPageFile size 34M)
current process WorkingSet (physical memory assigned to process): 301M, peak: 412M
current process commit charge ("private bytes"): 611M, peak: 655M

vm_info: Java HotSpot(TM) 64-Bit Server VM (17.0.10+11-LTS-240) for windows-amd64 JRE (17.0.10+11-LTS-240), built on Dec 19 2023 21:47:25 by "mach5one" with MS VC++ 17.1 (VS2022)

END.
